Archive member included because of file (symbol)

C:\Personal\Arduino\Projects\Wifi\build\/lib_uno_16.a(SoftwareSerial.cpp.o)
                              build\WifiHandler.o (SoftwareSerial::begin(long))
C:\Personal\Arduino\Projects\Wifi\build\/core_uno_16.a(HardwareSerial.cpp.o)
                              build\Wifi.o (Serial)
C:\Personal\Arduino\Projects\Wifi\build\/core_uno_16.a(main.cpp.o)
                              c:/arduino/codeblocks/bin/../lib/gcc/avr/4.3.3/../../../../avr/lib/avr5/crtm328p.o (main)
C:\Personal\Arduino\Projects\Wifi\build\/core_uno_16.a(new.cpp.o)
                              C:\Personal\Arduino\Projects\Wifi\build\/lib_uno_16.a(SoftwareSerial.cpp.o) (__cxa_pure_virtual)
C:\Personal\Arduino\Projects\Wifi\build\/core_uno_16.a(Print.cpp.o)
                              C:\Personal\Arduino\Projects\Wifi\build\/lib_uno_16.a(SoftwareSerial.cpp.o) (Print::write(unsigned char const*, unsigned int))
C:\Personal\Arduino\Projects\Wifi\build\/core_uno_16.a(Stream.cpp.o)
                              build\WifiHandler.o (Stream::find(char*))
C:\Personal\Arduino\Projects\Wifi\build\/core_uno_16.a(wiring.c.o)
                              C:\Personal\Arduino\Projects\Wifi\build\/core_uno_16.a(Stream.cpp.o) (millis)
C:\Personal\Arduino\Projects\Wifi\build\/core_uno_16.a(wiring_digital.c.o)
                              C:\Personal\Arduino\Projects\Wifi\build\/lib_uno_16.a(SoftwareSerial.cpp.o) (pinMode)
C:\Personal\Arduino\Projects\Wifi\build\/core_uno_16.a(WString.cpp.o)
                              C:\Personal\Arduino\Projects\Wifi\build\/core_uno_16.a(Print.cpp.o) (String::operator[](unsigned int) const)
c:/arduino/codeblocks/bin/../lib/gcc/avr/4.3.3/../../../../avr/lib/avr5\libm.a(addsf3.o)
                              C:\Personal\Arduino\Projects\Wifi\build\/core_uno_16.a(Print.cpp.o) (__subsf3)
c:/arduino/codeblocks/bin/../lib/gcc/avr/4.3.3/../../../../avr/lib/avr5\libm.a(addsf3x.o)
                              c:/arduino/codeblocks/bin/../lib/gcc/avr/4.3.3/../../../../avr/lib/avr5\libm.a(addsf3.o) (__addsf3x)
c:/arduino/codeblocks/bin/../lib/gcc/avr/4.3.3/../../../../avr/lib/avr5\libm.a(cmpsf2.o)
                              C:\Personal\Arduino\Projects\Wifi\build\/core_uno_16.a(Print.cpp.o) (__ltsf2)
c:/arduino/codeblocks/bin/../lib/gcc/avr/4.3.3/../../../../avr/lib/avr5\libm.a(divsf3.o)
                              C:\Personal\Arduino\Projects\Wifi\build\/core_uno_16.a(Print.cpp.o) (__divsf3)
c:/arduino/codeblocks/bin/../lib/gcc/avr/4.3.3/../../../../avr/lib/avr5\libm.a(divsf3x.o)
                              c:/arduino/codeblocks/bin/../lib/gcc/avr/4.3.3/../../../../avr/lib/avr5\libm.a(divsf3.o) (__divsf3x)
c:/arduino/codeblocks/bin/../lib/gcc/avr/4.3.3/../../../../avr/lib/avr5\libm.a(fixsfsi.o)
                              C:\Personal\Arduino\Projects\Wifi\build\/core_uno_16.a(Print.cpp.o) (__fixsfsi)
c:/arduino/codeblocks/bin/../lib/gcc/avr/4.3.3/../../../../avr/lib/avr5\libm.a(fixunssfsi.o)
                              C:\Personal\Arduino\Projects\Wifi\build\/core_uno_16.a(Print.cpp.o) (__fixunssfsi)
c:/arduino/codeblocks/bin/../lib/gcc/avr/4.3.3/../../../../avr/lib/avr5\libm.a(floatsisf.o)
                              C:\Personal\Arduino\Projects\Wifi\build\/core_uno_16.a(Print.cpp.o) (__floatunsisf)
c:/arduino/codeblocks/bin/../lib/gcc/avr/4.3.3/../../../../avr/lib/avr5\libm.a(fp_cmp.o)
                              c:/arduino/codeblocks/bin/../lib/gcc/avr/4.3.3/../../../../avr/lib/avr5\libm.a(cmpsf2.o) (__fp_cmp)
c:/arduino/codeblocks/bin/../lib/gcc/avr/4.3.3/../../../../avr/lib/avr5\libm.a(fp_inf.o)
                              c:/arduino/codeblocks/bin/../lib/gcc/avr/4.3.3/../../../../avr/lib/avr5\libm.a(addsf3x.o) (__fp_inf)
c:/arduino/codeblocks/bin/../lib/gcc/avr/4.3.3/../../../../avr/lib/avr5\libm.a(fp_nan.o)
                              c:/arduino/codeblocks/bin/../lib/gcc/avr/4.3.3/../../../../avr/lib/avr5\libm.a(addsf3x.o) (__fp_nan)
c:/arduino/codeblocks/bin/../lib/gcc/avr/4.3.3/../../../../avr/lib/avr5\libm.a(fp_pscA.o)
                              c:/arduino/codeblocks/bin/../lib/gcc/avr/4.3.3/../../../../avr/lib/avr5\libm.a(addsf3x.o) (__fp_pscA)
c:/arduino/codeblocks/bin/../lib/gcc/avr/4.3.3/../../../../avr/lib/avr5\libm.a(fp_pscB.o)
                              c:/arduino/codeblocks/bin/../lib/gcc/avr/4.3.3/../../../../avr/lib/avr5\libm.a(addsf3x.o) (__fp_pscB)
c:/arduino/codeblocks/bin/../lib/gcc/avr/4.3.3/../../../../avr/lib/avr5\libm.a(fp_round.o)
                              c:/arduino/codeblocks/bin/../lib/gcc/avr/4.3.3/../../../../avr/lib/avr5\libm.a(addsf3.o) (__fp_round)
c:/arduino/codeblocks/bin/../lib/gcc/avr/4.3.3/../../../../avr/lib/avr5\libm.a(fp_split3.o)
                              c:/arduino/codeblocks/bin/../lib/gcc/avr/4.3.3/../../../../avr/lib/avr5\libm.a(addsf3x.o) (__fp_split3)
c:/arduino/codeblocks/bin/../lib/gcc/avr/4.3.3/../../../../avr/lib/avr5\libm.a(fp_zero.o)
[...]
Memory Configuration

Name             Origin             Length             Attributes
text             0x00000000         0x00020000         xr
data             0x00800060         0x0000ffa0         rw !x
eeprom           0x00810000         0x00010000         rw !x
fuse             0x00820000         0x00000400         rw !x
lock             0x00830000         0x00000400         rw !x
signature        0x00840000         0x00000400         rw !x
*default*        0x00000000         0xffffffff

Linker script and memory map

Address of section .data set to 0x800100
LOAD c:/arduino/codeblocks/bin/../lib/gcc/avr/4.3.3/../../../../avr/lib/avr5/crtm328p.o
LOAD build\Wifi.o
LOAD build\WifiHandler.o
LOAD C:\Personal\Arduino\Projects\Wifi\build\/lib_uno_16.a
LOAD C:\Personal\Arduino\Projects\Wifi\build\/core_uno_16.a
LOAD c:/arduino/codeblocks/bin/../lib/gcc/avr/4.3.3/../../../../avr/lib/avr5\libm.a
LOAD c:/arduino/codeblocks/bin/../lib/gcc/avr/4.3.3/avr5\libgcc.a
LOAD c:/arduino/codeblocks/bin/../lib/gcc/avr/4.3.3/../../../../avr/lib/avr5\libc.a
LOAD c:/arduino/codeblocks/bin/../lib/gcc/avr/4.3.3/avr5\libgcc.a

.hash
 *(.hash)

.dynsym
 *(.dynsym)

.dynstr
 *(.dynstr)

.gnu.version
 *(.gnu.version)

.gnu.version_d
 *(.gnu.version_d)

.gnu.version_r
 *(.gnu.version_r)

.rel.init
 *(.rel.init)

.rela.init
 *(.rela.init)

.rel.text
 *(.rel.text)
 *(.rel.text.*)
 *(.rel.gnu.linkonce.t*)

.rela.text
 *(.rela.text)
 *(.rela.text.*)
 *(.rela.gnu.linkonce.t*)

.rel.fini
 *(.rel.fini)

.rela.fini
 *(.rela.fini)

.rel.rodata
 *(.rel.rodata)
 *(.rel.rodata.*)
 *(.rel.gnu.linkonce.r*)

.rela.rodata
 *(.rela.rodata)
 *(.rela.rodata.*)
 *(.rela.gnu.linkonce.r*)

.rel.data
 *(.rel.data)
 *(.rel.data.*)
 *(.rel.gnu.linkonce.d*)

.rela.data
 *(.rela.data)
 *(.rela.data.*)
 *(.rela.gnu.linkonce.d*)

.rel.ctors
 *(.rel.ctors)

.rela.ctors
 *(.rela.ctors)

.rel.dtors
 *(.rel.dtors)

.rela.dtors
 *(.rela.dtors)

.rel.got
 *(.rel.got)

.rela.got
 *(.rela.got)

.rel.bss
 *(.rel.bss)

.rela.bss
 *(.rela.bss)

.rel.plt
 *(.rel.plt)

.rela.plt
 *(.rela.plt)

.text           0x00000000     0x22b0
 *(.vectors)
 .vectors       0x00000000       0x68 c:/arduino/codeblocks/bin/../lib/gcc/avr/4.3.3/../../../../avr/lib/avr5/crtm328p.o
                0x00000000                __vectors
                0x00000000                __vector_default
 *(.vectors)
 *(.progmem.gcc*)
 *(.progmem*)
 .progmem.data  0x00000068       0x9c C:\Personal\Arduino\Projects\Wifi\build\/lib_uno_16.a(SoftwareSerial.cpp.o)
 .progmem.data  0x00000104       0x5a C:\Personal\Arduino\Projects\Wifi\build\/core_uno_16.a(wiring_digital.c.o)
                0x00000104                port_to_mode_PGM
                0x00000122                digital_pin_to_port_PGM
                0x00000136                digital_pin_to_bit_mask_PGM
                0x0000010e                port_to_output_PGM
                0x00000118                port_to_input_PGM
                0x0000014a                digital_pin_to_timer_PGM
                0x0000015e                . = ALIGN (0x2)
                0x0000015e                __trampolines_start = .
 *(.trampolines)
 .trampolines   0x0000015e        0x0 linker stubs
 *(.trampolines*)
                0x0000015e                __trampolines_end = .
 *(.jumptables)
 *(.jumptables*)
 *(.lowtext)
 *(.lowtext*)
                0x0000015e                __ctors_start = .
 *(.ctors)
 .ctors         0x0000015e        0x2 build\Wifi.o
 .ctors         0x00000160        0x2 C:\Personal\Arduino\Projects\Wifi\build\/core_uno_16.a(HardwareSerial.cpp.o)
                0x00000162                __ctors_end = .
                0x00000162                __dtors_start = .
 *(.dtors)
 .dtors         0x00000162        0x2 build\Wifi.o
                0x00000164                __dtors_end = .
 SORT(*)(.ctors)
 SORT(*)(.dtors)
 *(.init0)
 .init0         0x00000164        0x0 c:/arduino/codeblocks/bin/../lib/gcc/avr/4.3.3/../../../../avr/lib/avr5/crtm328p.o
                0x00000164                __init
 *(.init0)
 *(.init1)
 *(.init1)
 *(.init2)
 .init2         0x00000164        0xc c:/arduino/codeblocks/bin/../lib/gcc/avr/4.3.3/../../../../avr/lib/avr5/crtm328p.o
 *(.init2)
 *(.init3)
 *(.init3)
 *(.init4)
 .init4         0x00000170       0x16 c:/arduino/codeblocks/bin/../lib/gcc/avr/4.3.3/avr5\libgcc.a(_copy_data.o)
                0x00000170                __do_copy_data
 .init4         0x00000186       0x10 c:/arduino/codeblocks/bin/../lib/gcc/avr/4.3.3/avr5\libgcc.a(_clear_bss.o)
                0x00000186                __do_clear_bss
 *(.init4)
 *(.init5)
 *(.init5)
 *(.init6)
 .init6         0x00000196       0x16 c:/arduino/codeblocks/bin/../lib/gcc/avr/4.3.3/avr5\libgcc.a(_ctors.o)
                0x00000196                __do_global_ctors
 *(.init6)
 *(.init7)
 *(.init7)
 *(.init8)
 *(.init8)
 *(.init9)
 .init9         0x000001ac        0x8 c:/arduino/codeblocks/bin/../lib/gcc/avr/4.3.3/../../../../avr/lib/avr5/crtm328p.o
 *(.init9)
 *(.text)
 .text          0x000001b4        0x4 c:/arduino/codeblocks/bin/../lib/gcc/avr/4.3.3/../../../../avr/lib/avr5/crtm328p.o
                0x000001b4                __vector_22
                0x000001b4                __vector_1
                0x000001b4                __vector_24
                0x000001b4                __vector_12
                0x000001b4                __bad_interrupt
                0x000001b4                __vector_6
                0x000001b4                __vector_23
                0x000001b4                __vector_25
                0x000001b4                __vector_11
                0x000001b4                __vector_13
                0x000001b4                __vector_17
                0x000001b4                __vector_7
                0x000001b4                __vector_9
                0x000001b4                __vector_2
                0x000001b4                __vector_21
                0x000001b4                __vector_15
                0x000001b4                __vector_8
                0x000001b4                __vector_14
                0x000001b4                __vector_10
                0x000001b4                __vector_20
 .text          0x000001b8      0x204 c:/arduino/codeblocks/bin/../lib/gcc/avr/4.3.3/../../../../avr/lib/avr5\libc.a(malloc.o)
                0x000001b8                malloc
                0x0000030c                free
 .text          0x000003bc      0x1aa c:/arduino/codeblocks/bin/../lib/gcc/avr/4.3.3/../../../../avr/lib/avr5\libc.a(realloc.o)
                0x000003bc                realloc
 .text          0x00000566       0x12 c:/arduino/codeblocks/bin/../lib/gcc/avr/4.3.3/../../../../avr/lib/avr5\libc.a(memcpy.o)
                0x00000566                memcpy
 .text          0x00000578       0x12 c:/arduino/codeblocks/bin/../lib/gcc/avr/4.3.3/../../../../avr/lib/avr5\libc.a(strcmp.o)
                0x00000578                strcmp
 .text          0x0000058a        0xe c:/arduino/codeblocks/bin/../lib/gcc/avr/4.3.3/../../../../avr/lib/avr5\libc.a(strcpy.o)
                0x0000058a                strcpy
                0x00000598                . = ALIGN (0x2)
 *(.text.*)
 .text._Z41__static_initialization_and_destruction_0ii
                0x00000598       0x42 build\Wifi.o
 .text._GLOBAL__D_wifiHandler
                0x000005da        0xe build\Wifi.o
 .text._GLOBAL__I_wifiHandler
                0x000005e8        0xe build\Wifi.o
 .text.setup    0x000005f6       0xa6 build\Wifi.o
                0x000005f6                setup
 .text._Z11flushSerialv
                0x0000069c       0x16 build\Wifi.o
                0x0000069c                flushSerial()
 .text.loop     0x000006b2      0x13c build\Wifi.o
                0x000006b2                loop
 .text._ZN11WifiHandler11getResponseEv
                0x000007ee       0x46 build\WifiHandler.o
                0x000007ee                WifiHandler::getResponse()
 .text._ZN11WifiHandler13commandResultE6String
                0x00000834       0x60 build\WifiHandler.o
                0x00000834                WifiHandler::commandResult(String)
 .text._ZN11WifiHandler11sendCommandE6StringRS0_
                0x00000894       0x84 build\WifiHandler.o
                0x00000894                WifiHandler::sendCommand(String, String&)
 .text._ZN11WifiHandler9getCwModeEv
                0x00000918       0x72 build\WifiHandler.o
                0x00000918                WifiHandler::getCwMode()
 .text._ZN11WifiHandler12getIpAddressER6String
                0x0000098a       0x66 build\WifiHandler.o
                0x0000098a                WifiHandler::getIpAddress(String&)
 .text._ZN11WifiHandler13connectToWifiE6StringS0_i
                0x000009f0       0xda build\WifiHandler.o
                0x000009f0                WifiHandler::connectToWifi(String, String, int)
 .text._ZN11WifiHandlerD1Ev
                0x00000aca       0x24 build\WifiHandler.o
                0x00000aca                WifiHandler::~WifiHandler()
 .text._ZN11WifiHandlerD0Ev
                0x00000aee       0x3a build\WifiHandler.o
                0x00000aee                WifiHandler::~WifiHandler()
 .text._ZN11WifiHandlerC1Ehh
                0x00000b28       0x3a build\WifiHandler.o
                0x00000b28                WifiHandler::WifiHandler(unsigned char, unsigned char)
 .text._ZN14SoftwareSerial6listenEv
                0x00000b62       0x38 C:\Personal\Arduino\Projects\Wifi\build\/lib_uno_16.a(SoftwareSerial.cpp.o)
                0x00000b62                SoftwareSerial::listen()
 .text._ZN14SoftwareSerial4recvEv
                0x00000b9a       0xd4 C:\Personal\Arduino\Projects\Wifi\build\/lib_uno_16.a(SoftwareSerial.cpp.o)
                0x00000b9a                SoftwareSerial::recv()
 .text._ZN14SoftwareSerial16handle_interruptEv
                0x00000c6e       0x12 C:\Personal\Arduino\Projects\Wifi\build\/lib_uno_16.a(SoftwareSerial.cpp.o)
                0x00000c6e                SoftwareSerial::handle_interrupt()
 .text.__vector_3
                0x00000c80       0x48 C:\Personal\Arduino\Projects\Wifi\build\/lib_uno_16.a(SoftwareSerial.cpp.o)
                0x00000c80                __vector_3
 .text.__vector_4
                0x00000cc8       0x48 C:\Personal\Arduino\Projects\Wifi\build\/lib_uno_16.a(SoftwareSerial.cpp.o)
                0x00000cc8                __vector_4
 .text.__vector_5
                0x00000d10       0x48 C:\Personal\Arduino\Projects\Wifi\build\/lib_uno_16.a(SoftwareSerial.cpp.o)
                0x00000d10                __vector_5
 .text._ZN14SoftwareSerial5beginEl
                0x00000d58      0x152 C:\Personal\Arduino\Projects\Wifi\build\/lib_uno_16.a(SoftwareSerial.cpp.o)
                0x00000d58                SoftwareSerial::begin(long)
 .text._ZN14SoftwareSerial3endEv
                0x00000eaa       0x6a C:\Personal\Arduino\Projects\Wifi\build\/lib_uno_16.a(SoftwareSerial.cpp.o)
                0x00000eaa                SoftwareSerial::end()
 .text._ZN14SoftwareSerialD1Ev
                0x00000f14       0x12 C:\Personal\Arduino\Projects\Wifi\build\/lib_uno_16.a(SoftwareSerial.cpp.o)
                0x00000f14                SoftwareSerial::~SoftwareSerial()
 .text._ZN14SoftwareSerial4readEv
                0x00000f26       0x42 C:\Personal\Arduino\Projects\Wifi\build\/lib_uno_16.a(SoftwareSerial.cpp.o)
                0x00000f26                SoftwareSerial::read()
 .text._ZN14SoftwareSerial9availableEv
                0x00000f68       0x34 C:\Personal\Arduino\Projects\Wifi\build\/lib_uno_16.a(SoftwareSerial.cpp.o)
                0x00000f68                SoftwareSerial::available()
 .text._ZN14SoftwareSerial5writeEh
                0x00000f9c      0x164 C:\Personal\Arduino\Projects\Wifi\build\/lib_uno_16.a(SoftwareSerial.cpp.o)
                0x00000f9c                SoftwareSerial::write(unsigned char)
 .text._ZN14SoftwareSerial5flushEv
                0x00001100       0x22 C:\Personal\Arduino\Projects\Wifi\build\/lib_uno_16.a(SoftwareSerial.cpp.o)
                0x00001100                SoftwareSerial::flush()
 .text._ZN14SoftwareSerial4peekEv
                0x00001122       0x38 C:\Personal\Arduino\Projects\Wifi\build\/lib_uno_16.a(SoftwareSerial.cpp.o)
                0x00001122                SoftwareSerial::peek()
 .text._ZN14SoftwareSerial5setRXEh
                0x0000115a       0x56 C:\Personal\Arduino\Projects\Wifi\build\/lib_uno_16.a(SoftwareSerial.cpp.o)
                0x0000115a                SoftwareSerial::setRX(unsigned char)
 .text._ZN14SoftwareSerial5setTXEh
                0x000011b0       0x56 C:\Personal\Arduino\Projects\Wifi\build\/lib_uno_16.a(SoftwareSerial.cpp.o)
                0x000011b0                SoftwareSerial::setTX(unsigned char)
 .text._ZN14SoftwareSerialC1Ehhb
                0x00001206       0x5c C:\Personal\Arduino\Projects\Wifi\build\/lib_uno_16.a(SoftwareSerial.cpp.o)
                0x00001206                SoftwareSerial::SoftwareSerial(unsigned char, unsigned char, bool)
 .text._Z11serialEventv
                0x00001262        0x2 C:\Personal\Arduino\Projects\Wifi\build\/core_uno_16.a(HardwareSerial.cpp.o)
                0x00001262                serialEvent()
 .text.__vector_18
                0x00001264       0x76 C:\Personal\Arduino\Projects\Wifi\build\/core_uno_16.a(HardwareSerial.cpp.o)
                0x00001264                __vector_18
 .text._Z14serialEventRunv
                0x000012da       0x26 C:\Personal\Arduino\Projects\Wifi\build\/core_uno_16.a(HardwareSerial.cpp.o)
                0x000012da                serialEventRun()
 .text.__vector_19
                0x00001300       0x76 C:\Personal\Arduino\Projects\Wifi\build\/core_uno_16.a(HardwareSerial.cpp.o)
                0x00001300                __vector_19
 .text._ZN14HardwareSerial5beginEm
                0x00001376      0x10e C:\Personal\Arduino\Projects\Wifi\build\/core_uno_16.a(HardwareSerial.cpp.o)
                0x00001376                HardwareSerial::begin(unsigned long)
 .text._ZN14HardwareSerial9availableEv
                0x00001484       0x22 C:\Personal\Arduino\Projects\Wifi\build\/core_uno_16.a(HardwareSerial.cpp.o)
                0x00001484                HardwareSerial::available()
 .text._ZN14HardwareSerial4peekEv
                0x000014a6       0x40 C:\Personal\Arduino\Projects\Wifi\build\/core_uno_16.a(HardwareSerial.cpp.o)
                0x000014a6                HardwareSerial::peek()
 .text._ZN14HardwareSerial4readEv
                0x000014e6       0x52 C:\Personal\Arduino\Projects\Wifi\build\/core_uno_16.a(HardwareSerial.cpp.o)
                0x000014e6                HardwareSerial::read()
 .text._ZN14HardwareSerial5flushEv
                0x00001538       0x20 C:\Personal\Arduino\Projects\Wifi\build\/core_uno_16.a(HardwareSerial.cpp.o)
                0x00001538                HardwareSerial::flush()
 .text._ZN14HardwareSerial5writeEh
                0x00001558       0x80 C:\Personal\Arduino\Projects\Wifi\build\/core_uno_16.a(HardwareSerial.cpp.o)
                0x00001558                HardwareSerial::write(unsigned char)
 .text._GLOBAL__I_rx_buffer
                0x000015d8       0xac C:\Personal\Arduino\Projects\Wifi\build\/core_uno_16.a(HardwareSerial.cpp.o)
 .text.main     0x00001684       0x1e C:\Personal\Arduino\Projects\Wifi\build\/core_uno_16.a(main.cpp.o)
                0x00001684                main
 .text._ZdlPv   0x000016a2        0x6 C:\Personal\Arduino\Projects\Wifi\build\/core_uno_16.a(new.cpp.o)
                0x000016a2                operator delete(void*)
 .text._ZN5Print5writeEPKhj
                0x000016a8       0x54 C:\Personal\Arduino\Projects\Wifi\build\/core_uno_16.a(Print.cpp.o)
                0x000016a8                Print::write(unsigned char const*, unsigned int)
 .text._ZN5Print7printlnEv
                0x000016fc       0x40 C:\Personal\Arduino\Projects\Wifi\build\/core_uno_16.a(Print.cpp.o)
                0x000016fc                Print::println()
 .text._ZN5Print5writeEPKc
                0x0000173c       0x38 C:\Personal\Arduino\Projects\Wifi\build\/core_uno_16.a(Print.cpp.o)
                0x0000173c                Print::write(char const*)
 .text._ZN5Print11printNumberEmh
                0x00001774       0xc8 C:\Personal\Arduino\Projects\Wifi\build\/core_uno_16.a(Print.cpp.o)
                0x00001774                Print::printNumber(unsigned long, unsigned char)
 .text._ZN5Print5printEli
                0x0000183c       0x80 C:\Personal\Arduino\Projects\Wifi\build\/core_uno_16.a(Print.cpp.o)
                0x0000183c                Print::print(long, int)
 .text._ZN5Print7printlnEii
                0x000018bc       0x3e C:\Personal\Arduino\Projects\Wifi\build\/core_uno_16.a(Print.cpp.o)
                0x000018bc                Print::println(int, int)
 .text._ZN5Print5printEPKc
                0x000018fa        0x6 C:\Personal\Arduino\Projects\Wifi\build\/core_uno_16.a(Print.cpp.o)
                0x000018fa                Print::print(char const*)
 .text._ZN5Print7printlnEPKc
                0x00001900       0x26 C:\Personal\Arduino\Projects\Wifi\build\/core_uno_16.a(Print.cpp.o)
                0x00001900                Print::println(char const*)
 .text._ZN5Print5printERK6String
                0x00001926       0x66 C:\Personal\Arduino\Projects\Wifi\build\/core_uno_16.a(Print.cpp.o)
                0x00001926                Print::print(String const&)
 .text._ZN5Print7printlnERK6String
                0x0000198c       0x28 C:\Personal\Arduino\Projects\Wifi\build\/core_uno_16.a(Print.cpp.o)
                0x0000198c                Print::println(String const&)
 .text._ZN6Stream9timedReadEv
                0x000019b4       0x58 C:\Personal\Arduino\Projects\Wifi\build\/core_uno_16.a(Stream.cpp.o)
                0x000019b4                Stream::timedRead()
 .text._ZN6Stream9findUntilEPcjS0_j
                0x00001a0c       0xc6 C:\Personal\Arduino\Projects\Wifi\build\/core_uno_16.a(Stream.cpp.o)
                0x00001a0c                Stream::findUntil(char*, unsigned int, char*, unsigned int)
 .text._ZN6Stream9findUntilEPcS0_
                0x00001ad2       0x32 C:\Personal\Arduino\Projects\Wifi\build\/core_uno_16.a(Stream.cpp.o)
                0x00001ad2                Stream::findUntil(char*, char*)
 .text._ZN6Stream4findEPc
                0x00001b04        0xa C:\Personal\Arduino\Projects\Wifi\build\/core_uno_16.a(Stream.cpp.o)
                0x00001b04                Stream::find(char*)
 .text.__vector_16
                0x00001b0e       0x90 C:\Personal\Arduino\Projects\Wifi\build\/core_uno_16.a(wiring.c.o)
                0x00001b0e                __vector_16
 .text.millis   0x00001b9e       0x1c C:\Personal\Arduino\Projects\Wifi\build\/core_uno_16.a(wiring.c.o)
                0x00001b9e                millis
 .text.init     0x00001bba       0x76 C:\Personal\Arduino\Projects\Wifi\build\/core_uno_16.a(wiring.c.o)
                0x00001bba                init
 .text.pinMode  0x00001c30       0x7e C:\Personal\Arduino\Projects\Wifi\build\/core_uno_16.a(wiring_digital.c.o)
                0x00001c30                pinMode
 .text.turnOffPWM
                0x00001cae       0x5a C:\Personal\Arduino\Projects\Wifi\build\/core_uno_16.a(wiring_digital.c.o)
 .text.digitalWrite
                0x00001d08       0x66 C:\Personal\Arduino\Projects\Wifi\build\/core_uno_16.a(wiring_digital.c.o)
                0x00001d08                digitalWrite
 .text._ZNK6StringixEj
                0x00001d6e       0x22 C:\Personal\Arduino\Projects\Wifi\build\/core_uno_16.a(WString.cpp.o)
                0x00001d6e                String::operator[](unsigned int) const
 .text._ZN6String4trimEv
                0x00001d90       0xb6 C:\Personal\Arduino\Projects\Wifi\build\/core_uno_16.a(WString.cpp.o)
                0x00001d90                String::trim()
 .text._ZNK6String8endsWithERKS_
                0x00001e46       0x44 C:\Personal\Arduino\Projects\Wifi\build\/core_uno_16.a(WString.cpp.o)
                0x00001e46                String::endsWith(String const&) const
 .text._ZN6String12changeBufferEj
                0x00001e8a       0x34 C:\Personal\Arduino\Projects\Wifi\build\/core_uno_16.a(WString.cpp.o)
                0x00001e8a                String::changeBuffer(unsigned int)
 .text._ZN6String7reserveEj
                0x00001ebe       0x38 C:\Personal\Arduino\Projects\Wifi\build\/core_uno_16.a(WString.cpp.o)
                0x00001ebe                String::reserve(unsigned int)
 .text._ZN6String6concatEPKcj
                0x00001ef6       0x5a C:\Personal\Arduino\Projects\Wifi\build\/core_uno_16.a(WString.cpp.o)
                0x00001ef6                String::concat(char const*, unsigned int)
 .text._ZN6String6concatEc
                0x00001f50       0x26 C:\Personal\Arduino\Projects\Wifi\build\/core_uno_16.a(WString.cpp.o)
                0x00001f50                String::concat(char)
 .text._ZN6String10invalidateEv
                0x00001f76       0x24 C:\Personal\Arduino\Projects\Wifi\build\/core_uno_16.a(WString.cpp.o)
                0x00001f76                String::invalidate()
 .text._ZplRK15StringSumHelperPKc
                0x00001f9a       0x38 C:\Personal\Arduino\Projects\Wifi\build\/core_uno_16.a(WString.cpp.o)
                0x00001f9a                operator+(StringSumHelper const&, char const*)
 .text._ZplRK15StringSumHelperRK6String
                0x00001fd2       0x2c C:\Personal\Arduino\Projects\Wifi\build\/core_uno_16.a(WString.cpp.o)
                0x00001fd2                operator+(StringSumHelper const&, String const&)
 .text._ZN6String4copyEPKcj
                0x00001ffe       0x42 C:\Personal\Arduino\Projects\Wifi\build\/core_uno_16.a(WString.cpp.o)
                0x00001ffe                String::copy(char const*, unsigned int)
 .text._ZN6StringC1EPKc
                0x00002040       0x34 C:\Personal\Arduino\Projects\Wifi\build\/core_uno_16.a(WString.cpp.o)
                0x00002040                String::String(char const*)
 .text._ZN6StringC2EPKc
                0x00002074       0x34 C:\Personal\Arduino\Projects\Wifi\build\/core_uno_16.a(WString.cpp.o)
                0x00002074                String::String(char const*)
 .text._ZN6StringaSEPKc
                0x000020a8       0x32 C:\Personal\Arduino\Projects\Wifi\build\/core_uno_16.a(WString.cpp.o)
                0x000020a8                String::operator=(char const*)
 .text._ZN6StringaSERKS_
                0x000020da       0x2e C:\Personal\Arduino\Projects\Wifi\build\/core_uno_16.a(WString.cpp.o)
                0x000020da                String::operator=(String const&)
 .text._ZN6StringC1ERKS_
                0x00002108       0x16 C:\Personal\Arduino\Projects\Wifi\build\/core_uno_16.a(WString.cpp.o)
                0x00002108                String::String(String const&)
 .text._ZN6StringD1Ev
                0x0000211e        0xc C:\Personal\Arduino\Projects\Wifi\build\/core_uno_16.a(WString.cpp.o)
                0x0000211e                String::~String()
 .text._ZN6StringD2Ev
                0x0000212a        0xc C:\Personal\Arduino\Projects\Wifi\build\/core_uno_16.a(WString.cpp.o)
                0x0000212a                String::~String()
 .text.libgcc   0x00002136       0x3e c:/arduino/codeblocks/bin/../lib/gcc/avr/4.3.3/avr5\libgcc.a(_mulsi3.o)
                0x00002136                __mulsi3
 .text.libgcc   0x00002174       0x26 c:/arduino/codeblocks/bin/../lib/gcc/avr/4.3.3/avr5\libgcc.a(_divmodhi4.o)
                0x00002174                __divmodhi4
                0x00002174                _div
 .text.libgcc   0x0000219a       0x44 c:/arduino/codeblocks/bin/../lib/gcc/avr/4.3.3/avr5\libgcc.a(_udivmodsi4.o)
                0x0000219a                __udivmodsi4
 .text.libgcc   0x000021de       0x28 c:/arduino/codeblocks/bin/../lib/gcc/avr/4.3.3/avr5\libgcc.a(_udivmodhi4.o)
                0x000021de                __udivmodhi4
 .text.libgcc   0x00002206        0xc c:/arduino/codeblocks/bin/../lib/gcc/avr/4.3.3/avr5\libgcc.a(_tablejump.o)
                0x0000220a                __tablejump__
                0x00002206                __tablejump2__
 .text.ctype    0x00002212       0x10 c:/arduino/codeblocks/bin/../lib/gcc/avr/4.3.3/../../../../avr/lib/avr5\libc.a(isspace.o)
                0x00002212                isspace
 .text.ctype    0x00002222        0x6 c:/arduino/codeblocks/bin/../lib/gcc/avr/4.3.3/../../../../avr/lib/avr5\libc.a(cty_isfalse.o)
                0x00002226                __ctype_istrue
                0x00002222                __ctype_isfalse
 .text.libgcc   0x00002228       0x38 c:/arduino/codeblocks/bin/../lib/gcc/avr/4.3.3/avr5\libgcc.a(_prologue.o)
                0x00002228                __prologue_saves__
 .text.libgcc   0x00002260       0x36 c:/arduino/codeblocks/bin/../lib/gcc/avr/4.3.3/avr5\libgcc.a(_epilogue.o)
                0x00002260                __epilogue_restores__
                0x00002296                . = ALIGN (0x2)
 *(.fini9)
 .fini9         0x00002296        0x0 c:/arduino/codeblocks/bin/../lib/gcc/avr/4.3.3/avr5\libgcc.a(_exit.o)
                0x00002296                exit
                0x00002296                _exit
 *(.fini9)
 *(.fini8)
 *(.fini8)
 *(.fini7)
 *(.fini7)
 *(.fini6)
 .fini6         0x00002296       0x16 c:/arduino/codeblocks/bin/../lib/gcc/avr/4.3.3/avr5\libgcc.a(_dtors.o)
                0x00002296                __do_global_dtors
 *(.fini6)
 *(.fini5)
 *(.fini5)
 *(.fini4)
 *(.fini4)
 *(.fini3)
 *(.fini3)
 *(.fini2)
 *(.fini2)
 *(.fini1)
 *(.fini1)
 *(.fini0)
 .fini0         0x000022ac        0x4 c:/arduino/codeblocks/bin/../lib/gcc/avr/4.3.3/avr5\libgcc.a(_exit.o)
 *(.fini0)
                0x000022b0                _etext = .

.data           0x00800100      0x104 load address 0x000022b0
                0x00800100                PROVIDE (__data_start, .)
 *(.data)
 .data          0x00800100       0x69 build\Wifi.o
 .data          0x00800169       0x6c build\WifiHandler.o
 .data          0x008001d5        0x6 c:/arduino/codeblocks/bin/../lib/gcc/avr/4.3.3/../../../../avr/lib/avr5\libc.a(malloc.o)
                0x008001d7                __malloc_heap_start
                0x008001d9                __malloc_heap_end
                0x008001d5                __malloc_margin
 *(.data*)
 *(.rodata)
 *(.rodata*)
 .rodata._ZTV11WifiHandler
                0x008001db        0x8 build\WifiHandler.o
                0x008001db                vtable for WifiHandler
 .rodata._ZTV14SoftwareSerial
                0x008001e3       0x10 C:\Personal\Arduino\Projects\Wifi\build\/lib_uno_16.a(SoftwareSerial.cpp.o)
                0x008001e3                vtable for SoftwareSerial
 .rodata._ZTV14HardwareSerial
                0x008001f3       0x10 C:\Personal\Arduino\Projects\Wifi\build\/core_uno_16.a(HardwareSerial.cpp.o)
                0x008001f3                vtable for HardwareSerial
 *(.gnu.linkonce.d*)
                0x00800204                . = ALIGN (0x2)
 *fill*         0x00800203        0x1 00
                0x00800204                _edata = .
                0x00800204                PROVIDE (__data_end, .)

.bss            0x00800204      0x121
                0x00800204                PROVIDE (__bss_start, .)
 *(.bss)
 *(.bss*)
 .bss.wifiHandler
                0x00800204       0x1f build\Wifi.o
                0x00800204                wifiHandler
 .bss.serialImput
                0x00800223        0x7 build\Wifi.o
                0x00800223                serialImput
 .bss._ZN14SoftwareSerial13active_objectE
                0x0080022a        0x2 C:\Personal\Arduino\Projects\Wifi\build\/lib_uno_16.a(SoftwareSerial.cpp.o)
                0x0080022a                SoftwareSerial::active_object
 .bss._ZN14SoftwareSerial15_receive_bufferE
                0x0080022c       0x40 C:\Personal\Arduino\Projects\Wifi\build\/lib_uno_16.a(SoftwareSerial.cpp.o)
                0x0080022c                SoftwareSerial::_receive_buffer
 .bss._ZN14SoftwareSerial20_receive_buffer_tailE
                0x0080026c        0x1 C:\Personal\Arduino\Projects\Wifi\build\/lib_uno_16.a(SoftwareSerial.cpp.o)
                0x0080026c                SoftwareSerial::_receive_buffer_tail
 .bss._ZN14SoftwareSerial20_receive_buffer_headE
                0x0080026d        0x1 C:\Personal\Arduino\Projects\Wifi\build\/lib_uno_16.a(SoftwareSerial.cpp.o)
                0x0080026d                SoftwareSerial::_receive_buffer_head
 .bss.rx_buffer
                0x0080026e       0x44 C:\Personal\Arduino\Projects\Wifi\build\/core_uno_16.a(HardwareSerial.cpp.o)
                0x0080026e                rx_buffer
 .bss.tx_buffer
                0x008002b2       0x44 C:\Personal\Arduino\Projects\Wifi\build\/core_uno_16.a(HardwareSerial.cpp.o)
                0x008002b2                tx_buffer
 .bss.Serial    0x008002f6       0x22 C:\Personal\Arduino\Projects\Wifi\build\/core_uno_16.a(HardwareSerial.cpp.o)
                0x008002f6                Serial
 .bss.timer0_overflow_count
                0x00800318        0x4 C:\Personal\Arduino\Projects\Wifi\build\/core_uno_16.a(wiring.c.o)
                0x00800318                timer0_overflow_count
 .bss.timer0_millis
                0x0080031c        0x4 C:\Personal\Arduino\Projects\Wifi\build\/core_uno_16.a(wiring.c.o)
                0x0080031c                timer0_millis
 .bss.timer0_fract
                0x00800320        0x1 C:\Personal\Arduino\Projects\Wifi\build\/core_uno_16.a(wiring.c.o)
 *(COMMON)
 COMMON         0x00800321        0x4 c:/arduino/codeblocks/bin/../lib/gcc/avr/4.3.3/../../../../avr/lib/avr5\libc.a(malloc.o)
                0x00800321                __brkval
                0x00800323                __flp
                0x00800325                PROVIDE (__bss_end, .)
                0x000022b0                __data_load_start = LOADADDR (.data)
                0x000023b4                __data_load_end = (__data_load_start + SIZEOF (.data))

.noinit         0x00800325        0x0
                0x00800325                PROVIDE (__noinit_start, .)
 *(.noinit*)
                0x00800325                PROVIDE (__noinit_end, .)
                0x00800325                _end = .
                0x00800325                PROVIDE (__heap_start, .)

.eeprom         0x00810000        0x0
 *(.eeprom*)
                0x00810000                __eeprom_end = .

.fuse
 *(.fuse)
 *(.lfuse)
 *(.hfuse)
 *(.efuse)

.lock
 *(.lock*)

.signature
 *(.signature*)

.stab
 *(.stab)

.stabstr
 *(.stabstr)

.stab.excl
 *(.stab.excl)

.stab.exclstr
 *(.stab.exclstr)

.stab.index
 *(.stab.index)

.stab.indexstr
 *(.stab.indexstr)

.comment
 *(.comment)

.debug
 *(.debug)

.line
 *(.line)

.debug_srcinfo
 *(.debug_srcinfo)

.debug_sfnames
 *(.debug_sfnames)

.debug_aranges
 *(.debug_aranges)

.debug_pubnames
 *(.debug_pubnames)

.debug_info
 *(.debug_info)
 *(.gnu.linkonce.wi.*)

.debug_abbrev
 *(.debug_abbrev)

.debug_line
 *(.debug_line)

.debug_frame
 *(.debug_frame)

.debug_str
 *(.debug_str)

.debug_loc
 *(.debug_loc)

.debug_macinfo
 *(.debug_macinfo)
OUTPUT(build\Wifi_uno.elf elf32-avr)
LOAD linker stubs

Cross Reference Table

Symbol                                            File
HardwareSerial::HardwareSerial(ring_buffer*, ring_buffer*, unsigned char volatile*, unsigned char volatile*, unsigned char volatile*, unsigned char volatile*, unsigned char volatile*, unsigned char volatile*, unsigned char, unsigned char, unsigned char, unsigned char, unsigned char) C:\Personal\Arduino\Projects\Wifi\build\/core_uno_16.a(HardwareSerial.cpp.o)
HardwareSerial::HardwareSerial(ring_buffer*, ring_buffer*, unsigned char volatile*, unsigned char volatile*, unsigned char volatile*, unsigned char volatile*, unsigned char volatile*, unsigned char volatile*, unsigned char, unsigned char, unsigned char, unsigned char, unsigned char) C:\Personal\Arduino\Projects\Wifi\build\/core_uno_16.a(HardwareSerial.cpp.o)
HardwareSerial::available()                       C:\Personal\Arduino\Projects\Wifi\build\/core_uno_16.a(HardwareSerial.cpp.o)
                                                  build\Wifi.o
HardwareSerial::begin(unsigned long)              C:\Personal\Arduino\Projects\Wifi\build\/core_uno_16.a(HardwareSerial.cpp.o)
                                                  build\Wifi.o
HardwareSerial::begin(unsigned long, unsigned char) C:\Personal\Arduino\Projects\Wifi\build\/core_uno_16.a(HardwareSerial.cpp.o)
HardwareSerial::end()                             C:\Personal\Arduino\Projects\Wifi\build\/core_uno_16.a(HardwareSerial.cpp.o)
HardwareSerial::flush()                           C:\Personal\Arduino\Projects\Wifi\build\/core_uno_16.a(HardwareSerial.cpp.o)
                                                  build\Wifi.o
HardwareSerial::operator bool()                   C:\Personal\Arduino\Projects\Wifi\build\/core_uno_16.a(HardwareSerial.cpp.o)
HardwareSerial::peek()                            C:\Personal\Arduino\Projects\Wifi\build\/core_uno_16.a(HardwareSerial.cpp.o)
HardwareSerial::read()                            C:\Personal\Arduino\Projects\Wifi\build\/core_uno_16.a(HardwareSerial.cpp.o)
                                                  build\Wifi.o
HardwareSerial::write(unsigned char)              C:\Personal\Arduino\Projects\Wifi\build\/core_uno_16.a(HardwareSerial.cpp.o)
Print::print(Printable const&)                    C:\Personal\Arduino\Projects\Wifi\build\/core_uno_16.a(Print.cpp.o)
Print::print(String const&)                       C:\Personal\Arduino\Projects\Wifi\build\/core_uno_16.a(Print.cpp.o)
                                                  build\WifiHandler.o
Print::print(__FlashStringHelper const*)          C:\Personal\Arduino\Projects\Wifi\build\/core_uno_16.a(Print.cpp.o)
Print::print(char const*)                         C:\Personal\Arduino\Projects\Wifi\build\/core_uno_16.a(Print.cpp.o)
                                                  build\Wifi.o
Print::print(char)                                C:\Personal\Arduino\Projects\Wifi\build\/core_uno_16.a(Print.cpp.o)
Print::print(double, int)                         C:\Personal\Arduino\Projects\Wifi\build\/core_uno_16.a(Print.cpp.o)
Print::print(int, int)                            C:\Personal\Arduino\Projects\Wifi\build\/core_uno_16.a(Print.cpp.o)
Print::print(long, int)                           C:\Personal\Arduino\Projects\Wifi\build\/core_uno_16.a(Print.cpp.o)
Print::print(unsigned char, int)                  C:\Personal\Arduino\Projects\Wifi\build\/core_uno_16.a(Print.cpp.o)
Print::print(unsigned int, int)                   C:\Personal\Arduino\Projects\Wifi\build\/core_uno_16.a(Print.cpp.o)
Print::print(unsigned long, int)                  C:\Personal\Arduino\Projects\Wifi\build\/core_uno_16.a(Print.cpp.o)
Print::printFloat(double, unsigned char)          C:\Personal\Arduino\Projects\Wifi\build\/core_uno_16.a(Print.cpp.o)
Print::printNumber(unsigned long, unsigned char)  C:\Personal\Arduino\Projects\Wifi\build\/core_uno_16.a(Print.cpp.o)
Print::println()                                  C:\Personal\Arduino\Projects\Wifi\build\/core_uno_16.a(Print.cpp.o)
Print::println(Printable const&)                  C:\Personal\Arduino\Projects\Wifi\build\/core_uno_16.a(Print.cpp.o)
Print::println(String const&)                     C:\Personal\Arduino\Projects\Wifi\build\/core_uno_16.a(Print.cpp.o)
                                                  build\Wifi.o
Print::println(__FlashStringHelper const*)        C:\Personal\Arduino\Projects\Wifi\build\/core_uno_16.a(Print.cpp.o)
Print::println(char const*)                       C:\Personal\Arduino\Projects\Wifi\build\/core_uno_16.a(Print.cpp.o)
                                                  build\Wifi.o
Print::println(char)                              C:\Personal\Arduino\Projects\Wifi\build\/core_uno_16.a(Print.cpp.o)
Print::println(double, int)                       C:\Personal\Arduino\Projects\Wifi\build\/core_uno_16.a(Print.cpp.o)
Print::println(int, int)                          C:\Personal\Arduino\Projects\Wifi\build\/core_uno_16.a(Print.cpp.o)
                                                  build\Wifi.o
Print::println(long, int)                         C:\Personal\Arduino\Projects\Wifi\build\/core_uno_16.a(Print.cpp.o)
Print::println(unsigned char, int)                C:\Personal\Arduino\Projects\Wifi\build\/core_uno_16.a(Print.cpp.o)
Print::println(unsigned int, int)                 C:\Personal\Arduino\Projects\Wifi\build\/core_uno_16.a(Print.cpp.o)
Print::println(unsigned long, int)                C:\Personal\Arduino\Projects\Wifi\build\/core_uno_16.a(Print.cpp.o)
Print::write(char const*)                         C:\Personal\Arduino\Projects\Wifi\build\/core_uno_16.a(Print.cpp.o)
Print::write(unsigned char const*, unsigned int)  C:\Personal\Arduino\Projects\Wifi\build\/core_uno_16.a(Print.cpp.o)
                                                  C:\Personal\Arduino\Projects\Wifi\build\/core_uno_16.a(HardwareSerial.cpp.o)
                                                  C:\Personal\Arduino\Projects\Wifi\build\/lib_uno_16.a(SoftwareSerial.cpp.o)
Serial                                            C:\Personal\Arduino\Projects\Wifi\build\/core_uno_16.a(HardwareSerial.cpp.o)
                                                  build\Wifi.o
SoftwareSerial::SoftwareSerial(unsigned char, unsigned char, bool) C:\Personal\Arduino\Projects\Wifi\build\/lib_uno_16.a(SoftwareSerial.cpp.o)
                                                  build\WifiHandler.o
SoftwareSerial::SoftwareSerial(unsigned char, unsigned char, bool) C:\Personal\Arduino\Projects\Wifi\build\/lib_uno_16.a(SoftwareSerial.cpp.o)
SoftwareSerial::_receive_buffer                   C:\Personal\Arduino\Projects\Wifi\build\/lib_uno_16.a(SoftwareSerial.cpp.o)
SoftwareSerial::_receive_buffer_head              C:\Personal\Arduino\Projects\Wifi\build\/lib_uno_16.a(SoftwareSerial.cpp.o)
SoftwareSerial::_receive_buffer_tail              C:\Personal\Arduino\Projects\Wifi\build\/lib_uno_16.a(SoftwareSerial.cpp.o)
SoftwareSerial::active_object                     C:\Personal\Arduino\Projects\Wifi\build\/lib_uno_16.a(SoftwareSerial.cpp.o)
SoftwareSerial::available()                       C:\Personal\Arduino\Projects\Wifi\build\/lib_uno_16.a(SoftwareSerial.cpp.o)
SoftwareSerial::begin(long)                       C:\Personal\Arduino\Projects\Wifi\build\/lib_uno_16.a(SoftwareSerial.cpp.o)
                                                  build\WifiHandler.o
SoftwareSerial::end()                             C:\Personal\Arduino\Projects\Wifi\build\/lib_uno_16.a(SoftwareSerial.cpp.o)
                                                  build\WifiHandler.o
SoftwareSerial::flush()                           C:\Personal\Arduino\Projects\Wifi\build\/lib_uno_16.a(SoftwareSerial.cpp.o)
SoftwareSerial::handle_interrupt()                C:\Personal\Arduino\Projects\Wifi\build\/lib_uno_16.a(SoftwareSerial.cpp.o)
SoftwareSerial::listen()                          C:\Personal\Arduino\Projects\Wifi\build\/lib_uno_16.a(SoftwareSerial.cpp.o)
SoftwareSerial::peek()                            C:\Personal\Arduino\Projects\Wifi\build\/lib_uno_16.a(SoftwareSerial.cpp.o)
SoftwareSerial::read()                            C:\Personal\Arduino\Projects\Wifi\build\/lib_uno_16.a(SoftwareSerial.cpp.o)
                                                  build\WifiHandler.o
SoftwareSerial::recv()                            C:\Personal\Arduino\Projects\Wifi\build\/lib_uno_16.a(SoftwareSerial.cpp.o)
SoftwareSerial::rx_pin_read()                     C:\Personal\Arduino\Projects\Wifi\build\/lib_uno_16.a(SoftwareSerial.cpp.o)
SoftwareSerial::setRX(unsigned char)              C:\Personal\Arduino\Projects\Wifi\build\/lib_uno_16.a(SoftwareSerial.cpp.o)
SoftwareSerial::setTX(unsigned char)              C:\Personal\Arduino\Projects\Wifi\build\/lib_uno_16.a(SoftwareSerial.cpp.o)
SoftwareSerial::tx_pin_write(unsigned char)       C:\Personal\Arduino\Projects\Wifi\build\/lib_uno_16.a(SoftwareSerial.cpp.o)
SoftwareSerial::write(unsigned char)              C:\Personal\Arduino\Projects\Wifi\build\/lib_uno_16.a(SoftwareSerial.cpp.o)
SoftwareSerial::~SoftwareSerial()                 C:\Personal\Arduino\Projects\Wifi\build\/lib_uno_16.a(SoftwareSerial.cpp.o)
SoftwareSerial::~SoftwareSerial()                 C:\Personal\Arduino\Projects\Wifi\build\/lib_uno_16.a(SoftwareSerial.cpp.o)
                                                  build\WifiHandler.o
Stream::find(char*)                               C:\Personal\Arduino\Projects\Wifi\build\/core_uno_16.a(Stream.cpp.o)
                                                  build\WifiHandler.o
Stream::find(char*, unsigned int)                 C:\Personal\Arduino\Projects\Wifi\build\/core_uno_16.a(Stream.cpp.o)
Stream::findUntil(char*, char*)                   C:\Personal\Arduino\Projects\Wifi\build\/core_uno_16.a(Stream.cpp.o)
Stream::findUntil(char*, unsigned int, char*, unsigned int) C:\Personal\Arduino\Projects\Wifi\build\/core_uno_16.a(Stream.cpp.o)
Stream::parseFloat()                              C:\Personal\Arduino\Projects\Wifi\build\/core_uno_16.a(Stream.cpp.o)
Stream::parseFloat(char)                          C:\Personal\Arduino\Projects\Wifi\build\/core_uno_16.a(Stream.cpp.o)
Stream::parseInt()                                C:\Personal\Arduino\Projects\Wifi\build\/core_uno_16.a(Stream.cpp.o)
Stream::parseInt(char)                            C:\Personal\Arduino\Projects\Wifi\build\/core_uno_16.a(Stream.cpp.o)
Stream::peekNextDigit()                           C:\Personal\Arduino\Projects\Wifi\build\/core_uno_16.a(Stream.cpp.o)
Stream::readBytes(char*, unsigned int)            C:\Personal\Arduino\Projects\Wifi\build\/core_uno_16.a(Stream.cpp.o)
Stream::readBytesUntil(char, char*, unsigned int) C:\Personal\Arduino\Projects\Wifi\build\/core_uno_16.a(Stream.cpp.o)
Stream::readString()                              C:\Personal\Arduino\Projects\Wifi\build\/core_uno_16.a(Stream.cpp.o)
Stream::readStringUntil(char)                     C:\Personal\Arduino\Projects\Wifi\build\/core_uno_16.a(Stream.cpp.o)
Stream::setTimeout(unsigned long)                 C:\Personal\Arduino\Projects\Wifi\build\/core_uno_16.a(Stream.cpp.o)
Stream::timedPeek()                               C:\Personal\Arduino\Projects\Wifi\build\/core_uno_16.a(Stream.cpp.o)
Stream::timedRead()                               C:\Personal\Arduino\Projects\Wifi\build\/core_uno_16.a(Stream.cpp.o)
String::String(String const&)                     C:\Personal\Arduino\Projects\Wifi\build\/core_uno_16.a(WString.cpp.o)
                                                  build\WifiHandler.o
                                                  build\Wifi.o
String::String(String const&)                     C:\Personal\Arduino\Projects\Wifi\build\/core_uno_16.a(WString.cpp.o)
String::String(char const*)                       C:\Personal\Arduino\Projects\Wifi\build\/core_uno_16.a(WString.cpp.o)
                                                  build\WifiHandler.o
String::String(char const*)                       C:\Personal\Arduino\Projects\Wifi\build\/core_uno_16.a(WString.cpp.o)
                                                  C:\Personal\Arduino\Projects\Wifi\build\/core_uno_16.a(Stream.cpp.o)
                                                  build\WifiHandler.o
                                                  build\Wifi.o
String::String(char)                              C:\Personal\Arduino\Projects\Wifi\build\/core_uno_16.a(WString.cpp.o)
String::String(char)                              C:\Personal\Arduino\Projects\Wifi\build\/core_uno_16.a(WString.cpp.o)
String::String(int, unsigned char)                C:\Personal\Arduino\Projects\Wifi\build\/core_uno_16.a(WString.cpp.o)
String::String(int, unsigned char)                C:\Personal\Arduino\Projects\Wifi\build\/core_uno_16.a(WString.cpp.o)
String::String(long, unsigned char)               C:\Personal\Arduino\Projects\Wifi\build\/core_uno_16.a(WString.cpp.o)
String::String(long, unsigned char)               C:\Personal\Arduino\Projects\Wifi\build\/core_uno_16.a(WString.cpp.o)
String::String(unsigned char, unsigned char)      C:\Personal\Arduino\Projects\Wifi\build\/core_uno_16.a(WString.cpp.o)
String::String(unsigned char, unsigned char)      C:\Personal\Arduino\Projects\Wifi\build\/core_uno_16.a(WString.cpp.o)
String::String(unsigned int, unsigned char)       C:\Personal\Arduino\Projects\Wifi\build\/core_uno_16.a(WString.cpp.o)
String::String(unsigned int, unsigned char)       C:\Personal\Arduino\Projects\Wifi\build\/core_uno_16.a(WString.cpp.o)
String::String(unsigned long, unsigned char)      C:\Personal\Arduino\Projects\Wifi\build\/core_uno_16.a(WString.cpp.o)
String::String(unsigned long, unsigned char)      C:\Personal\Arduino\Projects\Wifi\build\/core_uno_16.a(WString.cpp.o)
String::changeBuffer(unsigned int)                C:\Personal\Arduino\Projects\Wifi\build\/core_uno_16.a(WString.cpp.o)
String::charAt(unsigned int) const                C:\Personal\Arduino\Projects\Wifi\build\/core_uno_16.a(WString.cpp.o)
String::compareTo(String const&) const            C:\Personal\Arduino\Projects\Wifi\build\/core_uno_16.a(WString.cpp.o)
String::concat(String const&)                     C:\Personal\Arduino\Projects\Wifi\build\/core_uno_16.a(WString.cpp.o)
String::concat(char const*)                       C:\Personal\Arduino\Projects\Wifi\build\/core_uno_16.a(WString.cpp.o)
String::concat(char const*, unsigned int)         C:\Personal\Arduino\Projects\Wifi\build\/core_uno_16.a(WString.cpp.o)
String::concat(char)                              C:\Personal\Arduino\Projects\Wifi\build\/core_uno_16.a(WString.cpp.o)
                                                  C:\Personal\Arduino\Projects\Wifi\build\/core_uno_16.a(Stream.cpp.o)
                                                  build\WifiHandler.o
                                                  build\Wifi.o
String::concat(int)                               C:\Personal\Arduino\Projects\Wifi\build\/core_uno_16.a(WString.cpp.o)
String::concat(long)                              C:\Personal\Arduino\Projects\Wifi\build\/core_uno_16.a(WString.cpp.o)
String::concat(unsigned char)                     C:\Personal\Arduino\Projects\Wifi\build\/core_uno_16.a(WString.cpp.o)
String::concat(unsigned int)                      C:\Personal\Arduino\Projects\Wifi\build\/core_uno_16.a(WString.cpp.o)
String::concat(unsigned long)                     C:\Personal\Arduino\Projects\Wifi\build\/core_uno_16.a(WString.cpp.o)
String::copy(char const*, unsigned int)           C:\Personal\Arduino\Projects\Wifi\build\/core_uno_16.a(WString.cpp.o)
String::endsWith(String const&) const             C:\Personal\Arduino\Projects\Wifi\build\/core_uno_16.a(WString.cpp.o)
                                                  build\WifiHandler.o
String::equals(String const&) const               C:\Personal\Arduino\Projects\Wifi\build\/core_uno_16.a(WString.cpp.o)
String::equals(char const*) const                 C:\Personal\Arduino\Projects\Wifi\build\/core_uno_16.a(WString.cpp.o)
String::equalsIgnoreCase(String const&) const     C:\Personal\Arduino\Projects\Wifi\build\/core_uno_16.a(WString.cpp.o)
String::getBytes(unsigned char*, unsigned int, unsigned int) const C:\Personal\Arduino\Projects\Wifi\build\/core_uno_16.a(WString.cpp.o)
String::indexOf(String const&) const              C:\Personal\Arduino\Projects\Wifi\build\/core_uno_16.a(WString.cpp.o)
String::indexOf(String const&, unsigned int) const C:\Personal\Arduino\Projects\Wifi\build\/core_uno_16.a(WString.cpp.o)
String::indexOf(char) const                       C:\Personal\Arduino\Projects\Wifi\build\/core_uno_16.a(WString.cpp.o)
String::indexOf(char, unsigned int) const         C:\Personal\Arduino\Projects\Wifi\build\/core_uno_16.a(WString.cpp.o)
String::invalidate()                              C:\Personal\Arduino\Projects\Wifi\build\/core_uno_16.a(WString.cpp.o)
String::lastIndexOf(String const&) const          C:\Personal\Arduino\Projects\Wifi\build\/core_uno_16.a(WString.cpp.o)
String::lastIndexOf(String const&, unsigned int) const C:\Personal\Arduino\Projects\Wifi\build\/core_uno_16.a(WString.cpp.o)
String::lastIndexOf(char) const                   C:\Personal\Arduino\Projects\Wifi\build\/core_uno_16.a(WString.cpp.o)
String::lastIndexOf(char, unsigned int) const     C:\Personal\Arduino\Projects\Wifi\build\/core_uno_16.a(WString.cpp.o)
String::operator<(String const&) const            C:\Personal\Arduino\Projects\Wifi\build\/core_uno_16.a(WString.cpp.o)
String::operator<=(String const&) const           C:\Personal\Arduino\Projects\Wifi\build\/core_uno_16.a(WString.cpp.o)
String::operator=(String const&)                  C:\Personal\Arduino\Projects\Wifi\build\/core_uno_16.a(WString.cpp.o)
                                                  build\WifiHandler.o
String::operator=(char const*)                    C:\Personal\Arduino\Projects\Wifi\build\/core_uno_16.a(WString.cpp.o)
                                                  build\Wifi.o
String::operator>(String const&) const            C:\Personal\Arduino\Projects\Wifi\build\/core_uno_16.a(WString.cpp.o)
String::operator>=(String const&) const           C:\Personal\Arduino\Projects\Wifi\build\/core_uno_16.a(WString.cpp.o)
String::operator[](unsigned int)                  C:\Personal\Arduino\Projects\Wifi\build\/core_uno_16.a(WString.cpp.o)
String::operator[](unsigned int) const            C:\Personal\Arduino\Projects\Wifi\build\/core_uno_16.a(WString.cpp.o)
                                                  C:\Personal\Arduino\Projects\Wifi\build\/core_uno_16.a(Print.cpp.o)
String::replace(String const&, String const&)     C:\Personal\Arduino\Projects\Wifi\build\/core_uno_16.a(WString.cpp.o)
String::replace(char, char)                       C:\Personal\Arduino\Projects\Wifi\build\/core_uno_16.a(WString.cpp.o)
String::reserve(unsigned int)                     C:\Personal\Arduino\Projects\Wifi\build\/core_uno_16.a(WString.cpp.o)
String::setCharAt(unsigned int, char)             C:\Personal\Arduino\Projects\Wifi\build\/core_uno_16.a(WString.cpp.o)
String::startsWith(String const&) const           C:\Personal\Arduino\Projects\Wifi\build\/core_uno_16.a(WString.cpp.o)
String::startsWith(String const&, unsigned int) const C:\Personal\Arduino\Projects\Wifi\build\/core_uno_16.a(WString.cpp.o)
String::substring(unsigned int) const             C:\Personal\Arduino\Projects\Wifi\build\/core_uno_16.a(WString.cpp.o)
String::substring(unsigned int, unsigned int) const C:\Personal\Arduino\Projects\Wifi\build\/core_uno_16.a(WString.cpp.o)
String::toInt() const                             C:\Personal\Arduino\Projects\Wifi\build\/core_uno_16.a(WString.cpp.o)
String::toLowerCase()                             C:\Personal\Arduino\Projects\Wifi\build\/core_uno_16.a(WString.cpp.o)
String::toUpperCase()                             C:\Personal\Arduino\Projects\Wifi\build\/core_uno_16.a(WString.cpp.o)
String::trim()                                    C:\Personal\Arduino\Projects\Wifi\build\/core_uno_16.a(WString.cpp.o)
                                                  build\WifiHandler.o
String::~String()                                 C:\Personal\Arduino\Projects\Wifi\build\/core_uno_16.a(WString.cpp.o)
                                                  build\WifiHandler.o
String::~String()                                 C:\Personal\Arduino\Projects\Wifi\build\/core_uno_16.a(WString.cpp.o)
                                                  build\WifiHandler.o
                                                  build\Wifi.o
WifiHandler::ConnectToServer(String, int)         build\WifiHandler.o
WifiHandler::SendMessage(String)                  build\WifiHandler.o
WifiHandler::WifiHandler(unsigned char, unsigned char) build\WifiHandler.o
WifiHandler::WifiHandler(unsigned char, unsigned char) build\WifiHandler.o
                                                  build\Wifi.o
WifiHandler::commandResult(String)                build\WifiHandler.o
WifiHandler::connectToWifi(String, String, int)   build\WifiHandler.o
                                                  build\Wifi.o
WifiHandler::getCwMode()                          build\WifiHandler.o
                                                  build\Wifi.o
WifiHandler::getIpAddress(String&)                build\WifiHandler.o
                                                  build\Wifi.o
WifiHandler::getResponse()                        build\WifiHandler.o
WifiHandler::listen(int)                          build\WifiHandler.o
WifiHandler::sendCommand(String, String&)         build\WifiHandler.o
                                                  build\Wifi.o
WifiHandler::~WifiHandler()                       build\WifiHandler.o
WifiHandler::~WifiHandler()                       build\WifiHandler.o
WifiHandler::~WifiHandler()                       build\WifiHandler.o
                                                  build\Wifi.o
__addsf3                                          c:/arduino/codeblocks/bin/../lib/gcc/avr/4.3.3/../../../../avr/lib/avr5\libm.a(addsf3.o)
                                                  C:\Personal\Arduino\Projects\Wifi\build\/core_uno_16.a(Print.cpp.o)
__addsf3x                                         c:/arduino/codeblocks/bin/../lib/gcc/avr/4.3.3/../../../../avr/lib/avr5\libm.a(addsf3x.o)
                                                  c:/arduino/codeblocks/bin/../lib/gcc/avr/4.3.3/../../../../avr/lib/avr5\libm.a(addsf3.o)
__bad_interrupt                                   c:/arduino/codeblocks/bin/../lib/gcc/avr/4.3.3/../../../../avr/lib/avr5/crtm328p.o
__brkval                                          c:/arduino/codeblocks/bin/../lib/gcc/avr/4.3.3/../../../../avr/lib/avr5\libc.a(realloc.o)
                                                  c:/arduino/codeblocks/bin/../lib/gcc/avr/4.3.3/../../../../avr/lib/avr5\libc.a(malloc.o)
__bss_end                                         c:/arduino/codeblocks/bin/../lib/gcc/avr/4.3.3/avr5\libgcc.a(_clear_bss.o)
__bss_start                                       c:/arduino/codeblocks/bin/../lib/gcc/avr/4.3.3/avr5\libgcc.a(_clear_bss.o)
__cmpsf2                                          c:/arduino/codeblocks/bin/../lib/gcc/avr/4.3.3/../../../../avr/lib/avr5\libm.a(cmpsf2.o)
__ctors_end                                       c:/arduino/codeblocks/bin/../lib/gcc/avr/4.3.3/avr5\libgcc.a(_ctors.o)
__ctors_start                                     c:/arduino/codeblocks/bin/../lib/gcc/avr/4.3.3/avr5\libgcc.a(_ctors.o)
__ctype_isfalse                                   c:/arduino/codeblocks/bin/../lib/gcc/avr/4.3.3/../../../../avr/lib/avr5\libc.a(cty_isfalse.o)
                                                  c:/arduino/codeblocks/bin/../lib/gcc/avr/4.3.3/../../../../avr/lib/avr5\libc.a(isspace.o)
__ctype_istrue                                    c:/arduino/codeblocks/bin/../lib/gcc/avr/4.3.3/../../../../avr/lib/avr5\libc.a(cty_isfalse.o)
__cxa_guard_abort                                 C:\Personal\Arduino\Projects\Wifi\build\/core_uno_16.a(new.cpp.o)
__cxa_guard_acquire                               C:\Personal\Arduino\Projects\Wifi\build\/core_uno_16.a(new.cpp.o)
__cxa_guard_release                               C:\Personal\Arduino\Projects\Wifi\build\/core_uno_16.a(new.cpp.o)
__cxa_pure_virtual                                C:\Personal\Arduino\Projects\Wifi\build\/core_uno_16.a(new.cpp.o)
                                                  C:\Personal\Arduino\Projects\Wifi\build\/core_uno_16.a(Print.cpp.o)
                                                  C:\Personal\Arduino\Projects\Wifi\build\/core_uno_16.a(HardwareSerial.cpp.o)
                                                  C:\Personal\Arduino\Projects\Wifi\build\/lib_uno_16.a(SoftwareSerial.cpp.o)
__data_end                                        c:/arduino/codeblocks/bin/../lib/gcc/avr/4.3.3/avr5\libgcc.a(_copy_data.o)
__data_load_start                                 c:/arduino/codeblocks/bin/../lib/gcc/avr/4.3.3/avr5\libgcc.a(_copy_data.o)
__data_start                                      c:/arduino/codeblocks/bin/../lib/gcc/avr/4.3.3/avr5\libgcc.a(_copy_data.o)
__divmodhi4                                       c:/arduino/codeblocks/bin/../lib/gcc/avr/4.3.3/avr5\libgcc.a(_divmodhi4.o)
                                                  C:\Personal\Arduino\Projects\Wifi\build\/lib_uno_16.a(SoftwareSerial.cpp.o)
__divsf3                                          c:/arduino/codeblocks/bin/../lib/gcc/avr/4.3.3/../../../../avr/lib/avr5\libm.a(divsf3.o)
                                                  C:\Personal\Arduino\Projects\Wifi\build\/core_uno_16.a(Print.cpp.o)
__divsf3_pse                                      c:/arduino/codeblocks/bin/../lib/gcc/avr/4.3.3/../../../../avr/lib/avr5\libm.a(divsf3x.o)
__divsf3x                                         c:/arduino/codeblocks/bin/../lib/gcc/avr/4.3.3/../../../../avr/lib/avr5\libm.a(divsf3x.o)
                                                  c:/arduino/codeblocks/bin/../lib/gcc/avr/4.3.3/../../../../avr/lib/avr5\libm.a(divsf3.o)
__do_clear_bss                                    c:/arduino/codeblocks/bin/../lib/gcc/avr/4.3.3/avr5\libgcc.a(_clear_bss.o)
                                                  c:/arduino/codeblocks/bin/../lib/gcc/avr/4.3.3/../../../../avr/lib/avr5\libc.a(realloc.o)
                                                  c:/arduino/codeblocks/bin/../lib/gcc/avr/4.3.3/../../../../avr/lib/avr5\libc.a(malloc.o)
                                                  C:\Personal\Arduino\Projects\Wifi\build\/core_uno_16.a(WString.cpp.o)
                                                  C:\Personal\Arduino\Projects\Wifi\build\/core_uno_16.a(wiring.c.o)
                                                  C:\Personal\Arduino\Projects\Wifi\build\/core_uno_16.a(HardwareSerial.cpp.o)
                                                  C:\Personal\Arduino\Projects\Wifi\build\/lib_uno_16.a(SoftwareSerial.cpp.o)
                                                  build\Wifi.o
__do_copy_data                                    c:/arduino/codeblocks/bin/../lib/gcc/avr/4.3.3/avr5\libgcc.a(_copy_data.o)
                                                  c:/arduino/codeblocks/bin/../lib/gcc/avr/4.3.3/../../../../avr/lib/avr5\libc.a(realloc.o)
                                                  c:/arduino/codeblocks/bin/../lib/gcc/avr/4.3.3/../../../../avr/lib/avr5\libc.a(malloc.o)
                                                  C:\Personal\Arduino\Projects\Wifi\build\/core_uno_16.a(WString.cpp.o)
                                                  C:\Personal\Arduino\Projects\Wifi\build\/core_uno_16.a(Stream.cpp.o)
                                                  C:\Personal\Arduino\Projects\Wifi\build\/core_uno_16.a(Print.cpp.o)
                                                  C:\Personal\Arduino\Projects\Wifi\build\/core_uno_16.a(HardwareSerial.cpp.o)
                                                  C:\Personal\Arduino\Projects\Wifi\build\/lib_uno_16.a(SoftwareSerial.cpp.o)
                                                  build\WifiHandler.o
                                                  build\Wifi.o
__do_global_ctors                                 c:/arduino/codeblocks/bin/../lib/gcc/avr/4.3.3/avr5\libgcc.a(_ctors.o)
                                                  C:\Personal\Arduino\Projects\Wifi\build\/core_uno_16.a(HardwareSerial.cpp.o)
                                                  build\Wifi.o
__do_global_dtors                                 c:/arduino/codeblocks/bin/../lib/gcc/avr/4.3.3/avr5\libgcc.a(_dtors.o)
                                                  build\Wifi.o
__dtors_end                                       c:/arduino/codeblocks/bin/../lib/gcc/avr/4.3.3/avr5\libgcc.a(_dtors.o)
__dtors_start                                     c:/arduino/codeblocks/bin/../lib/gcc/avr/4.3.3/avr5\libgcc.a(_dtors.o)
__epilogue_restores__                             c:/arduino/codeblocks/bin/../lib/gcc/avr/4.3.3/avr5\libgcc.a(_epilogue.o)
                                                  c:/arduino/codeblocks/bin/../lib/gcc/avr/4.3.3/../../../../avr/lib/avr5\libc.a(realloc.o)
__eqsf2                                           c:/arduino/codeblocks/bin/../lib/gcc/avr/4.3.3/../../../../avr/lib/avr5\libm.a(cmpsf2.o)
__fixsfsi                                         c:/arduino/codeblocks/bin/../lib/gcc/avr/4.3.3/../../../../avr/lib/avr5\libm.a(fixsfsi.o)
                                                  C:\Personal\Arduino\Projects\Wifi\build\/core_uno_16.a(Print.cpp.o)
__fixunssfsi                                      c:/arduino/codeblocks/bin/../lib/gcc/avr/4.3.3/../../../../avr/lib/avr5\libm.a(fixunssfsi.o)
                                                  c:/arduino/codeblocks/bin/../lib/gcc/avr/4.3.3/../../../../avr/lib/avr5\libm.a(fixsfsi.o)
                                                  C:\Personal\Arduino\Projects\Wifi\build\/core_uno_16.a(Print.cpp.o)
__floatsisf                                       c:/arduino/codeblocks/bin/../lib/gcc/avr/4.3.3/../../../../avr/lib/avr5\libm.a(floatsisf.o)
                                                  C:\Personal\Arduino\Projects\Wifi\build\/core_uno_16.a(Stream.cpp.o)
                                                  C:\Personal\Arduino\Projects\Wifi\build\/core_uno_16.a(Print.cpp.o)
__floatunsisf                                     c:/arduino/codeblocks/bin/../lib/gcc/avr/4.3.3/../../../../avr/lib/avr5\libm.a(floatsisf.o)
                                                  C:\Personal\Arduino\Projects\Wifi\build\/core_uno_16.a(Print.cpp.o)
__flp                                             c:/arduino/codeblocks/bin/../lib/gcc/avr/4.3.3/../../../../avr/lib/avr5\libc.a(realloc.o)
                                                  c:/arduino/codeblocks/bin/../lib/gcc/avr/4.3.3/../../../../avr/lib/avr5\libc.a(malloc.o)
__fp_cmp                                          c:/arduino/codeblocks/bin/../lib/gcc/avr/4.3.3/../../../../avr/lib/avr5\libm.a(fp_cmp.o)
                                                  c:/arduino/codeblocks/bin/../lib/gcc/avr/4.3.3/../../../../avr/lib/avr5\libm.a(unordsf2.o)
                                                  c:/arduino/codeblocks/bin/../lib/gcc/avr/4.3.3/../../../../avr/lib/avr5\libm.a(gesf2.o)
                                                  c:/arduino/codeblocks/bin/../lib/gcc/avr/4.3.3/../../../../avr/lib/avr5\libm.a(cmpsf2.o)
__fp_inf                                          c:/arduino/codeblocks/bin/../lib/gcc/avr/4.3.3/../../../../avr/lib/avr5\libm.a(fp_inf.o)
                                                  c:/arduino/codeblocks/bin/../lib/gcc/avr/4.3.3/../../../../avr/lib/avr5\libm.a(mulsf3x.o)
                                                  c:/arduino/codeblocks/bin/../lib/gcc/avr/4.3.3/../../../../avr/lib/avr5\libm.a(divsf3x.o)
                                                  c:/arduino/codeblocks/bin/../lib/gcc/avr/4.3.3/../../../../avr/lib/avr5\libm.a(addsf3x.o)
__fp_nan                                          c:/arduino/codeblocks/bin/../lib/gcc/avr/4.3.3/../../../../avr/lib/avr5\libm.a(fp_nan.o)
                                                  c:/arduino/codeblocks/bin/../lib/gcc/avr/4.3.3/../../../../avr/lib/avr5\libm.a(mulsf3x.o)
                                                  c:/arduino/codeblocks/bin/../lib/gcc/avr/4.3.3/../../../../avr/lib/avr5\libm.a(divsf3x.o)
                                                  c:/arduino/codeblocks/bin/../lib/gcc/avr/4.3.3/../../../../avr/lib/avr5\libm.a(addsf3x.o)
__fp_pscA                                         c:/arduino/codeblocks/bin/../lib/gcc/avr/4.3.3/../../../../avr/lib/avr5\libm.a(fp_pscA.o)
                                                  c:/arduino/codeblocks/bin/../lib/gcc/avr/4.3.3/../../../../avr/lib/avr5\libm.a(mulsf3x.o)
                                                  c:/arduino/codeblocks/bin/../lib/gcc/avr/4.3.3/../../../../avr/lib/avr5\libm.a(divsf3x.o)
                                                  c:/arduino/codeblocks/bin/../lib/gcc/avr/4.3.3/../../../../avr/lib/avr5\libm.a(addsf3x.o)
__fp_pscB                                         c:/arduino/codeblocks/bin/../lib/gcc/avr/4.3.3/../../../../avr/lib/avr5\libm.a(fp_pscB.o)
                                                  c:/arduino/codeblocks/bin/../lib/gcc/avr/4.3.3/../../../../avr/lib/avr5\libm.a(mulsf3x.o)
                                                  c:/arduino/codeblocks/bin/../lib/gcc/avr/4.3.3/../../../../avr/lib/avr5\libm.a(divsf3x.o)
                                                  c:/arduino/codeblocks/bin/../lib/gcc/avr/4.3.3/../../../../avr/lib/avr5\libm.a(addsf3x.o)
__fp_round                                        c:/arduino/codeblocks/bin/../lib/gcc/avr/4.3.3/../../../../avr/lib/avr5\libm.a(fp_round.o)
                                                  c:/arduino/codeblocks/bin/../lib/gcc/avr/4.3.3/../../../../avr/lib/avr5\libm.a(mulsf3.o)
                                                  c:/arduino/codeblocks/bin/../lib/gcc/avr/4.3.3/../../../../avr/lib/avr5\libm.a(divsf3.o)
                                                  c:/arduino/codeblocks/bin/../lib/gcc/avr/4.3.3/../../../../avr/lib/avr5\libm.a(addsf3.o)
__fp_split3                                       c:/arduino/codeblocks/bin/../lib/gcc/avr/4.3.3/../../../../avr/lib/avr5\libm.a(fp_split3.o)
                                                  c:/arduino/codeblocks/bin/../lib/gcc/avr/4.3.3/../../../../avr/lib/avr5\libm.a(mulsf3x.o)
                                                  c:/arduino/codeblocks/bin/../lib/gcc/avr/4.3.3/../../../../avr/lib/avr5\libm.a(divsf3x.o)
                                                  c:/arduino/codeblocks/bin/../lib/gcc/avr/4.3.3/../../../../avr/lib/avr5\libm.a(addsf3x.o)
__fp_splitA                                       c:/arduino/codeblocks/bin/../lib/gcc/avr/4.3.3/../../../../avr/lib/avr5\libm.a(fp_split3.o)
                                                  c:/arduino/codeblocks/bin/../lib/gcc/avr/4.3.3/../../../../avr/lib/avr5\libm.a(fixunssfsi.o)
__fp_szero                                        c:/arduino/codeblocks/bin/../lib/gcc/avr/4.3.3/../../../../avr/lib/avr5\libm.a(fp_zero.o)
                                                  c:/arduino/codeblocks/bin/../lib/gcc/avr/4.3.3/../../../../avr/lib/avr5\libm.a(mulsf3x.o)
                                                  c:/arduino/codeblocks/bin/../lib/gcc/avr/4.3.3/../../../../avr/lib/avr5\libm.a(fixsfsi.o)
                                                  c:/arduino/codeblocks/bin/../lib/gcc/avr/4.3.3/../../../../avr/lib/avr5\libm.a(divsf3x.o)
__fp_zero                                         c:/arduino/codeblocks/bin/../lib/gcc/avr/4.3.3/../../../../avr/lib/avr5\libm.a(fp_zero.o)
                                                  c:/arduino/codeblocks/bin/../lib/gcc/avr/4.3.3/../../../../avr/lib/avr5\libm.a(fixunssfsi.o)
                                                  c:/arduino/codeblocks/bin/../lib/gcc/avr/4.3.3/../../../../avr/lib/avr5\libm.a(addsf3x.o)
__gesf2                                           c:/arduino/codeblocks/bin/../lib/gcc/avr/4.3.3/../../../../avr/lib/avr5\libm.a(gesf2.o)
__gtsf2                                           c:/arduino/codeblocks/bin/../lib/gcc/avr/4.3.3/../../../../avr/lib/avr5\libm.a(gesf2.o)
                                                  C:\Personal\Arduino\Projects\Wifi\build\/core_uno_16.a(Print.cpp.o)
__heap_end                                        c:/arduino/codeblocks/bin/../lib/gcc/avr/4.3.3/../../../../avr/lib/avr5/crtm328p.o
                                                  c:/arduino/codeblocks/bin/../lib/gcc/avr/4.3.3/../../../../avr/lib/avr5\libc.a(malloc.o)
__heap_start                                      c:/arduino/codeblocks/bin/../lib/gcc/avr/4.3.3/../../../../avr/lib/avr5\libc.a(malloc.o)
__init                                            c:/arduino/codeblocks/bin/../lib/gcc/avr/4.3.3/../../../../avr/lib/avr5/crtm328p.o
__lesf2                                           c:/arduino/codeblocks/bin/../lib/gcc/avr/4.3.3/../../../../avr/lib/avr5\libm.a(cmpsf2.o)
                                                  C:\Personal\Arduino\Projects\Wifi\build\/core_uno_16.a(Print.cpp.o)
__ltsf2                                           c:/arduino/codeblocks/bin/../lib/gcc/avr/4.3.3/../../../../avr/lib/avr5\libm.a(cmpsf2.o)
                                                  C:\Personal\Arduino\Projects\Wifi\build\/core_uno_16.a(Print.cpp.o)
__malloc_heap_end                                 c:/arduino/codeblocks/bin/../lib/gcc/avr/4.3.3/../../../../avr/lib/avr5\libc.a(malloc.o)
                                                  c:/arduino/codeblocks/bin/../lib/gcc/avr/4.3.3/../../../../avr/lib/avr5\libc.a(realloc.o)
__malloc_heap_start                               c:/arduino/codeblocks/bin/../lib/gcc/avr/4.3.3/../../../../avr/lib/avr5\libc.a(malloc.o)
__malloc_margin                                   c:/arduino/codeblocks/bin/../lib/gcc/avr/4.3.3/../../../../avr/lib/avr5\libc.a(malloc.o)
                                                  c:/arduino/codeblocks/bin/../lib/gcc/avr/4.3.3/../../../../avr/lib/avr5\libc.a(realloc.o)
__mulsf3                                          c:/arduino/codeblocks/bin/../lib/gcc/avr/4.3.3/../../../../avr/lib/avr5\libm.a(mulsf3.o)
                                                  C:\Personal\Arduino\Projects\Wifi\build\/core_uno_16.a(Stream.cpp.o)
                                                  C:\Personal\Arduino\Projects\Wifi\build\/core_uno_16.a(Print.cpp.o)
__mulsf3_pse                                      c:/arduino/codeblocks/bin/../lib/gcc/avr/4.3.3/../../../../avr/lib/avr5\libm.a(mulsf3x.o)
__mulsf3x                                         c:/arduino/codeblocks/bin/../lib/gcc/avr/4.3.3/../../../../avr/lib/avr5\libm.a(mulsf3x.o)
                                                  c:/arduino/codeblocks/bin/../lib/gcc/avr/4.3.3/../../../../avr/lib/avr5\libm.a(mulsf3.o)
__mulsi3                                          c:/arduino/codeblocks/bin/../lib/gcc/avr/4.3.3/avr5\libgcc.a(_mulsi3.o)
                                                  C:\Personal\Arduino\Projects\Wifi\build\/core_uno_16.a(Stream.cpp.o)
                                                  C:\Personal\Arduino\Projects\Wifi\build\/core_uno_16.a(Print.cpp.o)
__mulsi_const_10                                  c:/arduino/codeblocks/bin/../lib/gcc/avr/4.3.3/../../../../avr/lib/avr5\libc.a(mulsi10.o)
                                                  c:/arduino/codeblocks/bin/../lib/gcc/avr/4.3.3/../../../../avr/lib/avr5\libc.a(atol.o)
__nesf2                                           c:/arduino/codeblocks/bin/../lib/gcc/avr/4.3.3/../../../../avr/lib/avr5\libm.a(cmpsf2.o)
__prologue_saves__                                c:/arduino/codeblocks/bin/../lib/gcc/avr/4.3.3/avr5\libgcc.a(_prologue.o)
                                                  c:/arduino/codeblocks/bin/../lib/gcc/avr/4.3.3/../../../../avr/lib/avr5\libc.a(realloc.o)
__stack                                           c:/arduino/codeblocks/bin/../lib/gcc/avr/4.3.3/../../../../avr/lib/avr5/crtm328p.o
__subsf3                                          c:/arduino/codeblocks/bin/../lib/gcc/avr/4.3.3/../../../../avr/lib/avr5\libm.a(addsf3.o)
                                                  C:\Personal\Arduino\Projects\Wifi\build\/core_uno_16.a(Print.cpp.o)
__tablejump2__                                    c:/arduino/codeblocks/bin/../lib/gcc/avr/4.3.3/avr5\libgcc.a(_tablejump.o)
__tablejump__                                     c:/arduino/codeblocks/bin/../lib/gcc/avr/4.3.3/avr5\libgcc.a(_tablejump.o)
                                                  c:/arduino/codeblocks/bin/../lib/gcc/avr/4.3.3/avr5\libgcc.a(_dtors.o)
                                                  c:/arduino/codeblocks/bin/../lib/gcc/avr/4.3.3/avr5\libgcc.a(_ctors.o)
__udivmodhi4                                      c:/arduino/codeblocks/bin/../lib/gcc/avr/4.3.3/avr5\libgcc.a(_udivmodhi4.o)
                                                  c:/arduino/codeblocks/bin/../lib/gcc/avr/4.3.3/../../../../avr/lib/avr5\libc.a(utoa.o)
                                                  c:/arduino/codeblocks/bin/../lib/gcc/avr/4.3.3/../../../../avr/lib/avr5\libc.a(itoa.o)
                                                  c:/arduino/codeblocks/bin/../lib/gcc/avr/4.3.3/avr5\libgcc.a(_divmodhi4.o)
__udivmodsi4                                      c:/arduino/codeblocks/bin/../lib/gcc/avr/4.3.3/avr5\libgcc.a(_udivmodsi4.o)
                                                  c:/arduino/codeblocks/bin/../lib/gcc/avr/4.3.3/../../../../avr/lib/avr5\libc.a(ultoa.o)
                                                  c:/arduino/codeblocks/bin/../lib/gcc/avr/4.3.3/../../../../avr/lib/avr5\libc.a(ltoa.o)
                                                  C:\Personal\Arduino\Projects\Wifi\build\/core_uno_16.a(Print.cpp.o)
                                                  C:\Personal\Arduino\Projects\Wifi\build\/core_uno_16.a(HardwareSerial.cpp.o)
__unordsf2                                        c:/arduino/codeblocks/bin/../lib/gcc/avr/4.3.3/../../../../avr/lib/avr5\libm.a(unordsf2.o)
                                                  C:\Personal\Arduino\Projects\Wifi\build\/core_uno_16.a(Print.cpp.o)
__vector_1                                        c:/arduino/codeblocks/bin/../lib/gcc/avr/4.3.3/../../../../avr/lib/avr5/crtm328p.o
__vector_10                                       c:/arduino/codeblocks/bin/../lib/gcc/avr/4.3.3/../../../../avr/lib/avr5/crtm328p.o
__vector_11                                       c:/arduino/codeblocks/bin/../lib/gcc/avr/4.3.3/../../../../avr/lib/avr5/crtm328p.o
__vector_12                                       c:/arduino/codeblocks/bin/../lib/gcc/avr/4.3.3/../../../../avr/lib/avr5/crtm328p.o
__vector_13                                       c:/arduino/codeblocks/bin/../lib/gcc/avr/4.3.3/../../../../avr/lib/avr5/crtm328p.o
__vector_14                                       c:/arduino/codeblocks/bin/../lib/gcc/avr/4.3.3/../../../../avr/lib/avr5/crtm328p.o
__vector_15                                       c:/arduino/codeblocks/bin/../lib/gcc/avr/4.3.3/../../../../avr/lib/avr5/crtm328p.o
__vector_16                                       C:\Personal\Arduino\Projects\Wifi\build\/core_uno_16.a(wiring.c.o)
                                                  c:/arduino/codeblocks/bin/../lib/gcc/avr/4.3.3/../../../../avr/lib/avr5/crtm328p.o
__vector_17                                       c:/arduino/codeblocks/bin/../lib/gcc/avr/4.3.3/../../../../avr/lib/avr5/crtm328p.o
__vector_18                                       C:\Personal\Arduino\Projects\Wifi\build\/core_uno_16.a(HardwareSerial.cpp.o)
                                                  c:/arduino/codeblocks/bin/../lib/gcc/avr/4.3.3/../../../../avr/lib/avr5/crtm328p.o
__vector_19                                       C:\Personal\Arduino\Projects\Wifi\build\/core_uno_16.a(HardwareSerial.cpp.o)
                                                  c:/arduino/codeblocks/bin/../lib/gcc/avr/4.3.3/../../../../avr/lib/avr5/crtm328p.o
__vector_2                                        c:/arduino/codeblocks/bin/../lib/gcc/avr/4.3.3/../../../../avr/lib/avr5/crtm328p.o
__vector_20                                       c:/arduino/codeblocks/bin/../lib/gcc/avr/4.3.3/../../../../avr/lib/avr5/crtm328p.o
__vector_21                                       c:/arduino/codeblocks/bin/../lib/gcc/avr/4.3.3/../../../../avr/lib/avr5/crtm328p.o
__vector_22                                       c:/arduino/codeblocks/bin/../lib/gcc/avr/4.3.3/../../../../avr/lib/avr5/crtm328p.o
__vector_23                                       c:/arduino/codeblocks/bin/../lib/gcc/avr/4.3.3/../../../../avr/lib/avr5/crtm328p.o
__vector_24                                       c:/arduino/codeblocks/bin/../lib/gcc/avr/4.3.3/../../../../avr/lib/avr5/crtm328p.o
__vector_25                                       c:/arduino/codeblocks/bin/../lib/gcc/avr/4.3.3/../../../../avr/lib/avr5/crtm328p.o
__vector_3                                        C:\Personal\Arduino\Projects\Wifi\build\/lib_uno_16.a(SoftwareSerial.cpp.o)
                                                  c:/arduino/codeblocks/bin/../lib/gcc/avr/4.3.3/../../../../avr/lib/avr5/crtm328p.o
__vector_4                                        C:\Personal\Arduino\Projects\Wifi\build\/lib_uno_16.a(SoftwareSerial.cpp.o)
                                                  c:/arduino/codeblocks/bin/../lib/gcc/avr/4.3.3/../../../../avr/lib/avr5/crtm328p.o
__vector_5                                        C:\Personal\Arduino\Projects\Wifi\build\/lib_uno_16.a(SoftwareSerial.cpp.o)
                                                  c:/arduino/codeblocks/bin/../lib/gcc/avr/4.3.3/../../../../avr/lib/avr5/crtm328p.o
__vector_6                                        c:/arduino/codeblocks/bin/../lib/gcc/avr/4.3.3/../../../../avr/lib/avr5/crtm328p.o
__vector_7                                        c:/arduino/codeblocks/bin/../lib/gcc/avr/4.3.3/../../../../avr/lib/avr5/crtm328p.o
__vector_8                                        c:/arduino/codeblocks/bin/../lib/gcc/avr/4.3.3/../../../../avr/lib/avr5/crtm328p.o
__vector_9                                        c:/arduino/codeblocks/bin/../lib/gcc/avr/4.3.3/../../../../avr/lib/avr5/crtm328p.o
__vector_default                                  c:/arduino/codeblocks/bin/../lib/gcc/avr/4.3.3/../../../../avr/lib/avr5/crtm328p.o
__vectors                                         c:/arduino/codeblocks/bin/../lib/gcc/avr/4.3.3/../../../../avr/lib/avr5/crtm328p.o
_div                                              c:/arduino/codeblocks/bin/../lib/gcc/avr/4.3.3/avr5\libgcc.a(_divmodhi4.o)
_exit                                             c:/arduino/codeblocks/bin/../lib/gcc/avr/4.3.3/avr5\libgcc.a(_exit.o)
atol                                              c:/arduino/codeblocks/bin/../lib/gcc/avr/4.3.3/../../../../avr/lib/avr5\libc.a(atol.o)
                                                  C:\Personal\Arduino\Projects\Wifi\build\/core_uno_16.a(WString.cpp.o)
delay                                             C:\Personal\Arduino\Projects\Wifi\build\/core_uno_16.a(wiring.c.o)
delayMicroseconds                                 C:\Personal\Arduino\Projects\Wifi\build\/core_uno_16.a(wiring.c.o)
digitalRead                                       C:\Personal\Arduino\Projects\Wifi\build\/core_uno_16.a(wiring_digital.c.o)
digitalWrite                                      C:\Personal\Arduino\Projects\Wifi\build\/core_uno_16.a(wiring_digital.c.o)
                                                  C:\Personal\Arduino\Projects\Wifi\build\/lib_uno_16.a(SoftwareSerial.cpp.o)
digital_pin_to_bit_mask_PGM                       C:\Personal\Arduino\Projects\Wifi\build\/core_uno_16.a(wiring_digital.c.o)
                                                  C:\Personal\Arduino\Projects\Wifi\build\/lib_uno_16.a(SoftwareSerial.cpp.o)
digital_pin_to_port_PGM                           C:\Personal\Arduino\Projects\Wifi\build\/core_uno_16.a(wiring_digital.c.o)
                                                  C:\Personal\Arduino\Projects\Wifi\build\/lib_uno_16.a(SoftwareSerial.cpp.o)
digital_pin_to_timer_PGM                          C:\Personal\Arduino\Projects\Wifi\build\/core_uno_16.a(wiring_digital.c.o)
exit                                              c:/arduino/codeblocks/bin/../lib/gcc/avr/4.3.3/avr5\libgcc.a(_exit.o)
                                                  c:/arduino/codeblocks/bin/../lib/gcc/avr/4.3.3/../../../../avr/lib/avr5/crtm328p.o
flushSerial()                                     build\Wifi.o
free                                              c:/arduino/codeblocks/bin/../lib/gcc/avr/4.3.3/../../../../avr/lib/avr5\libc.a(malloc.o)
                                                  c:/arduino/codeblocks/bin/../lib/gcc/avr/4.3.3/../../../../avr/lib/avr5\libc.a(realloc.o)
                                                  C:\Personal\Arduino\Projects\Wifi\build\/core_uno_16.a(WString.cpp.o)
                                                  C:\Personal\Arduino\Projects\Wifi\build\/core_uno_16.a(new.cpp.o)
init                                              C:\Personal\Arduino\Projects\Wifi\build\/core_uno_16.a(wiring.c.o)
                                                  C:\Personal\Arduino\Projects\Wifi\build\/core_uno_16.a(main.cpp.o)
isspace                                           c:/arduino/codeblocks/bin/../lib/gcc/avr/4.3.3/../../../../avr/lib/avr5\libc.a(isspace.o)
                                                  C:\Personal\Arduino\Projects\Wifi\build\/core_uno_16.a(WString.cpp.o)
itoa                                              c:/arduino/codeblocks/bin/../lib/gcc/avr/4.3.3/../../../../avr/lib/avr5\libc.a(itoa.o)
                                                  C:\Personal\Arduino\Projects\Wifi\build\/core_uno_16.a(WString.cpp.o)
loop                                              build\Wifi.o
                                                  C:\Personal\Arduino\Projects\Wifi\build\/core_uno_16.a(main.cpp.o)
ltoa                                              c:/arduino/codeblocks/bin/../lib/gcc/avr/4.3.3/../../../../avr/lib/avr5\libc.a(ltoa.o)
                                                  C:\Personal\Arduino\Projects\Wifi\build\/core_uno_16.a(WString.cpp.o)
main                                              C:\Personal\Arduino\Projects\Wifi\build\/core_uno_16.a(main.cpp.o)
                                                  c:/arduino/codeblocks/bin/../lib/gcc/avr/4.3.3/../../../../avr/lib/avr5/crtm328p.o
malloc                                            c:/arduino/codeblocks/bin/../lib/gcc/avr/4.3.3/../../../../avr/lib/avr5\libc.a(malloc.o)
                                                  c:/arduino/codeblocks/bin/../lib/gcc/avr/4.3.3/../../../../avr/lib/avr5\libc.a(realloc.o)
                                                  C:\Personal\Arduino\Projects\Wifi\build\/core_uno_16.a(new.cpp.o)
memcpy                                            c:/arduino/codeblocks/bin/../lib/gcc/avr/4.3.3/../../../../avr/lib/avr5\libc.a(memcpy.o)
                                                  c:/arduino/codeblocks/bin/../lib/gcc/avr/4.3.3/../../../../avr/lib/avr5\libc.a(memmove.o)
                                                  c:/arduino/codeblocks/bin/../lib/gcc/avr/4.3.3/../../../../avr/lib/avr5\libc.a(realloc.o)
                                                  C:\Personal\Arduino\Projects\Wifi\build\/core_uno_16.a(WString.cpp.o)
memmove                                           c:/arduino/codeblocks/bin/../lib/gcc/avr/4.3.3/../../../../avr/lib/avr5\libc.a(memmove.o)
                                                  C:\Personal\Arduino\Projects\Wifi\build\/core_uno_16.a(WString.cpp.o)
micros                                            C:\Personal\Arduino\Projects\Wifi\build\/core_uno_16.a(wiring.c.o)
millis                                            C:\Personal\Arduino\Projects\Wifi\build\/core_uno_16.a(wiring.c.o)
                                                  C:\Personal\Arduino\Projects\Wifi\build\/core_uno_16.a(Stream.cpp.o)
operator delete(void*)                            C:\Personal\Arduino\Projects\Wifi\build\/core_uno_16.a(new.cpp.o)
                                                  build\WifiHandler.o
operator delete[](void*)                          C:\Personal\Arduino\Projects\Wifi\build\/core_uno_16.a(new.cpp.o)
operator new(unsigned int)                        C:\Personal\Arduino\Projects\Wifi\build\/core_uno_16.a(new.cpp.o)
operator new[](unsigned int)                      C:\Personal\Arduino\Projects\Wifi\build\/core_uno_16.a(new.cpp.o)
operator+(StringSumHelper const&, String const&)  C:\Personal\Arduino\Projects\Wifi\build\/core_uno_16.a(WString.cpp.o)
                                                  build\WifiHandler.o
operator+(StringSumHelper const&, char const*)    C:\Personal\Arduino\Projects\Wifi\build\/core_uno_16.a(WString.cpp.o)
                                                  build\WifiHandler.o
operator+(StringSumHelper const&, char)           C:\Personal\Arduino\Projects\Wifi\build\/core_uno_16.a(WString.cpp.o)
operator+(StringSumHelper const&, int)            C:\Personal\Arduino\Projects\Wifi\build\/core_uno_16.a(WString.cpp.o)
                                                  build\WifiHandler.o
operator+(StringSumHelper const&, long)           C:\Personal\Arduino\Projects\Wifi\build\/core_uno_16.a(WString.cpp.o)
operator+(StringSumHelper const&, unsigned char)  C:\Personal\Arduino\Projects\Wifi\build\/core_uno_16.a(WString.cpp.o)
operator+(StringSumHelper const&, unsigned int)   C:\Personal\Arduino\Projects\Wifi\build\/core_uno_16.a(WString.cpp.o)
operator+(StringSumHelper const&, unsigned long)  C:\Personal\Arduino\Projects\Wifi\build\/core_uno_16.a(WString.cpp.o)
pinMode                                           C:\Personal\Arduino\Projects\Wifi\build\/core_uno_16.a(wiring_digital.c.o)
                                                  C:\Personal\Arduino\Projects\Wifi\build\/lib_uno_16.a(SoftwareSerial.cpp.o)
port_to_input_PGM                                 C:\Personal\Arduino\Projects\Wifi\build\/core_uno_16.a(wiring_digital.c.o)
                                                  C:\Personal\Arduino\Projects\Wifi\build\/lib_uno_16.a(SoftwareSerial.cpp.o)
port_to_mode_PGM                                  C:\Personal\Arduino\Projects\Wifi\build\/core_uno_16.a(wiring_digital.c.o)
port_to_output_PGM                                C:\Personal\Arduino\Projects\Wifi\build\/core_uno_16.a(wiring_digital.c.o)
                                                  C:\Personal\Arduino\Projects\Wifi\build\/lib_uno_16.a(SoftwareSerial.cpp.o)
realloc                                           c:/arduino/codeblocks/bin/../lib/gcc/avr/4.3.3/../../../../avr/lib/avr5\libc.a(realloc.o)
                                                  C:\Personal\Arduino\Projects\Wifi\build\/core_uno_16.a(WString.cpp.o)
rx_buffer                                         C:\Personal\Arduino\Projects\Wifi\build\/core_uno_16.a(HardwareSerial.cpp.o)
serialEvent()                                     C:\Personal\Arduino\Projects\Wifi\build\/core_uno_16.a(HardwareSerial.cpp.o)
serialEventRun()                                  C:\Personal\Arduino\Projects\Wifi\build\/core_uno_16.a(HardwareSerial.cpp.o)
                                                  C:\Personal\Arduino\Projects\Wifi\build\/core_uno_16.a(main.cpp.o)
serialImput                                       build\Wifi.o
setup                                             build\Wifi.o
                                                  C:\Personal\Arduino\Projects\Wifi\build\/core_uno_16.a(main.cpp.o)
strchr                                            c:/arduino/codeblocks/bin/../lib/gcc/avr/4.3.3/../../../../avr/lib/avr5\libc.a(strchr.o)
                                                  C:\Personal\Arduino\Projects\Wifi\build\/core_uno_16.a(WString.cpp.o)
strcmp                                            c:/arduino/codeblocks/bin/../lib/gcc/avr/4.3.3/../../../../avr/lib/avr5\libc.a(strcmp.o)
                                                  C:\Personal\Arduino\Projects\Wifi\build\/core_uno_16.a(WString.cpp.o)
strcpy                                            c:/arduino/codeblocks/bin/../lib/gcc/avr/4.3.3/../../../../avr/lib/avr5\libc.a(strcpy.o)
                                                  C:\Personal\Arduino\Projects\Wifi\build\/core_uno_16.a(WString.cpp.o)
strncmp                                           c:/arduino/codeblocks/bin/../lib/gcc/avr/4.3.3/../../../../avr/lib/avr5\libc.a(strncmp.o)
                                                  C:\Personal\Arduino\Projects\Wifi\build\/core_uno_16.a(WString.cpp.o)
strncpy                                           c:/arduino/codeblocks/bin/../lib/gcc/avr/4.3.3/../../../../avr/lib/avr5\libc.a(strncpy.o)
                                                  C:\Personal\Arduino\Projects\Wifi\build\/core_uno_16.a(WString.cpp.o)
strrchr                                           c:/arduino/codeblocks/bin/../lib/gcc/avr/4.3.3/../../../../avr/lib/avr5\libc.a(strrchr.o)
                                                  C:\Personal\Arduino\Projects\Wifi\build\/core_uno_16.a(WString.cpp.o)
strrev                                            c:/arduino/codeblocks/bin/../lib/gcc/avr/4.3.3/../../../../avr/lib/avr5\libc.a(strrev.o)
                                                  c:/arduino/codeblocks/bin/../lib/gcc/avr/4.3.3/../../../../avr/lib/avr5\libc.a(utoa.o)
                                                  c:/arduino/codeblocks/bin/../lib/gcc/avr/4.3.3/../../../../avr/lib/avr5\libc.a(ultoa.o)
                                                  c:/arduino/codeblocks/bin/../lib/gcc/avr/4.3.3/../../../../avr/lib/avr5\libc.a(ltoa.o)
                                                  c:/arduino/codeblocks/bin/../lib/gcc/avr/4.3.3/../../../../avr/lib/avr5\libc.a(itoa.o)
strstr                                            c:/arduino/codeblocks/bin/../lib/gcc/avr/4.3.3/../../../../avr/lib/avr5\libc.a(strstr.o)
                                                  C:\Personal\Arduino\Projects\Wifi\build\/core_uno_16.a(WString.cpp.o)
timer0_millis                                     C:\Personal\Arduino\Projects\Wifi\build\/core_uno_16.a(wiring.c.o)
timer0_overflow_count                             C:\Personal\Arduino\Projects\Wifi\build\/core_uno_16.a(wiring.c.o)
tolower                                           c:/arduino/codeblocks/bin/../lib/gcc/avr/4.3.3/../../../../avr/lib/avr5\libc.a(tolower.o)
                                                  C:\Personal\Arduino\Projects\Wifi\build\/core_uno_16.a(WString.cpp.o)
toupper                                           c:/arduino/codeblocks/bin/../lib/gcc/avr/4.3.3/../../../../avr/lib/avr5\libc.a(toupper.o)
                                                  C:\Personal\Arduino\Projects\Wifi\build\/core_uno_16.a(WString.cpp.o)
tx_buffer                                         C:\Personal\Arduino\Projects\Wifi\build\/core_uno_16.a(HardwareSerial.cpp.o)
ultoa                                             c:/arduino/codeblocks/bin/../lib/gcc/avr/4.3.3/../../../../avr/lib/avr5\libc.a(ultoa.o)
                                                  C:\Personal\Arduino\Projects\Wifi\build\/core_uno_16.a(WString.cpp.o)
utoa                                              c:/arduino/codeblocks/bin/../lib/gcc/avr/4.3.3/../../../../avr/lib/avr5\libc.a(utoa.o)
                                                  C:\Personal\Arduino\Projects\Wifi\build\/core_uno_16.a(WString.cpp.o)
vtable for HardwareSerial                         C:\Personal\Arduino\Projects\Wifi\build\/core_uno_16.a(HardwareSerial.cpp.o)
vtable for Print                                  C:\Personal\Arduino\Projects\Wifi\build\/core_uno_16.a(Print.cpp.o)
vtable for SoftwareSerial                         C:\Personal\Arduino\Projects\Wifi\build\/lib_uno_16.a(SoftwareSerial.cpp.o)
vtable for Stream                                 C:\Personal\Arduino\Projects\Wifi\build\/lib_uno_16.a(SoftwareSerial.cpp.o)
vtable for WifiHandler                            build\WifiHandler.o
wifiHandler                                       build\Wifi.o
